Archive member included to satisfy reference by file (symbol)

c:/users/grant/.p2/pool/plugins/fr.ac6.mcu.externaltools.arm-none.win32_1.17.0.201812190825/tools/compiler/bin/../lib/gcc/arm-none-eabi/7.3.1/thumb/v7e-m/fpv4-sp/hard\libgcc.a(_aeabi_uldivmod.o)
                              Drivers/STM32F4xx_HAL_Driver/Src/stm32f4xx_hal_rcc.o (__aeabi_uldivmod)
c:/users/grant/.p2/pool/plugins/fr.ac6.mcu.externaltools.arm-none.win32_1.17.0.201812190825/tools/compiler/bin/../lib/gcc/arm-none-eabi/7.3.1/thumb/v7e-m/fpv4-sp/hard\libgcc.a(_udivmoddi4.o)
                              c:/users/grant/.p2/pool/plugins/fr.ac6.mcu.externaltools.arm-none.win32_1.17.0.201812190825/tools/compiler/bin/../lib/gcc/arm-none-eabi/7.3.1/thumb/v7e-m/fpv4-sp/hard\libgcc.a(_aeabi_uldivmod.o) (__udivmoddi4)
c:/users/grant/.p2/pool/plugins/fr.ac6.mcu.externaltools.arm-none.win32_1.17.0.201812190825/tools/compiler/bin/../lib/gcc/arm-none-eabi/7.3.1/thumb/v7e-m/fpv4-sp/hard\libgcc.a(_dvmd_tls.o)
                              c:/users/grant/.p2/pool/plugins/fr.ac6.mcu.externaltools.arm-none.win32_1.17.0.201812190825/tools/compiler/bin/../lib/gcc/arm-none-eabi/7.3.1/thumb/v7e-m/fpv4-sp/hard\libgcc.a(_aeabi_uldivmod.o) (__aeabi_ldiv0)
c:/users/grant/.p2/pool/plugins/fr.ac6.mcu.externaltools.arm-none.win32_1.17.0.201812190825/tools/compiler/bin/../lib/gcc/arm-none-eabi/7.3.1/../../../../arm-none-eabi/lib/thumb/v7e-m/fpv4-sp/hard\libc_nano.a(lib_a-errno.o)
                              Src/syscalls.o (__errno)
c:/users/grant/.p2/pool/plugins/fr.ac6.mcu.externaltools.arm-none.win32_1.17.0.201812190825/tools/compiler/bin/../lib/gcc/arm-none-eabi/7.3.1/../../../../arm-none-eabi/lib/thumb/v7e-m/fpv4-sp/hard\libc_nano.a(lib_a-exit.o)
                              c:/users/grant/.p2/pool/plugins/fr.ac6.mcu.externaltools.arm-none.win32_1.17.0.201812190825/tools/compiler/bin/../lib/gcc/arm-none-eabi/7.3.1/../../../../arm-none-eabi/lib/thumb/v7e-m/fpv4-sp/hard/crt0.o (exit)
c:/users/grant/.p2/pool/plugins/fr.ac6.mcu.externaltools.arm-none.win32_1.17.0.201812190825/tools/compiler/bin/../lib/gcc/arm-none-eabi/7.3.1/../../../../arm-none-eabi/lib/thumb/v7e-m/fpv4-sp/hard\libc_nano.a(lib_a-impure.o)
                              c:/users/grant/.p2/pool/plugins/fr.ac6.mcu.externaltools.arm-none.win32_1.17.0.201812190825/tools/compiler/bin/../lib/gcc/arm-none-eabi/7.3.1/../../../../arm-none-eabi/lib/thumb/v7e-m/fpv4-sp/hard\libc_nano.a(lib_a-exit.o) (_global_impure_ptr)
c:/users/grant/.p2/pool/plugins/fr.ac6.mcu.externaltools.arm-none.win32_1.17.0.201812190825/tools/compiler/bin/../lib/gcc/arm-none-eabi/7.3.1/../../../../arm-none-eabi/lib/thumb/v7e-m/fpv4-sp/hard\libc_nano.a(lib_a-init.o)
                              c:/users/grant/.p2/pool/plugins/fr.ac6.mcu.externaltools.arm-none.win32_1.17.0.201812190825/tools/compiler/bin/../lib/gcc/arm-none-eabi/7.3.1/../../../../arm-none-eabi/lib/thumb/v7e-m/fpv4-sp/hard/crt0.o (__libc_init_array)
c:/users/grant/.p2/pool/plugins/fr.ac6.mcu.externaltools.arm-none.win32_1.17.0.201812190825/tools/compiler/bin/../lib/gcc/arm-none-eabi/7.3.1/../../../../arm-none-eabi/lib/thumb/v7e-m/fpv4-sp/hard\libc_nano.a(lib_a-malloc.o)
                              Middlewares/ST/STM32_USB_Host_Library/Class/CDC/Src/usbh_cdc.o (malloc)
c:/users/grant/.p2/pool/plugins/fr.ac6.mcu.externaltools.arm-none.win32_1.17.0.201812190825/tools/compiler/bin/../lib/gcc/arm-none-eabi/7.3.1/../../../../arm-none-eabi/lib/thumb/v7e-m/fpv4-sp/hard\libc_nano.a(lib_a-memset.o)
                              c:/users/grant/.p2/pool/plugins/fr.ac6.mcu.externaltools.arm-none.win32_1.17.0.201812190825/tools/compiler/bin/../lib/gcc/arm-none-eabi/7.3.1/../../../../arm-none-eabi/lib/thumb/v7e-m/fpv4-sp/hard/crt0.o (memset)
c:/users/grant/.p2/pool/plugins/fr.ac6.mcu.externaltools.arm-none.win32_1.17.0.201812190825/tools/compiler/bin/../lib/gcc/arm-none-eabi/7.3.1/../../../../arm-none-eabi/lib/thumb/v7e-m/fpv4-sp/hard\libc_nano.a(lib_a-nano-freer.o)
                              c:/users/grant/.p2/pool/plugins/fr.ac6.mcu.externaltools.arm-none.win32_1.17.0.201812190825/tools/compiler/bin/../lib/gcc/arm-none-eabi/7.3.1/../../../../arm-none-eabi/lib/thumb/v7e-m/fpv4-sp/hard\libc_nano.a(lib_a-malloc.o) (_free_r)
c:/users/grant/.p2/pool/plugins/fr.ac6.mcu.externaltools.arm-none.win32_1.17.0.201812190825/tools/compiler/bin/../lib/gcc/arm-none-eabi/7.3.1/../../../../arm-none-eabi/lib/thumb/v7e-m/fpv4-sp/hard\libc_nano.a(lib_a-nano-mallocr.o)
                              c:/users/grant/.p2/pool/plugins/fr.ac6.mcu.externaltools.arm-none.win32_1.17.0.201812190825/tools/compiler/bin/../lib/gcc/arm-none-eabi/7.3.1/../../../../arm-none-eabi/lib/thumb/v7e-m/fpv4-sp/hard\libc_nano.a(lib_a-malloc.o) (_malloc_r)
c:/users/grant/.p2/pool/plugins/fr.ac6.mcu.externaltools.arm-none.win32_1.17.0.201812190825/tools/compiler/bin/../lib/gcc/arm-none-eabi/7.3.1/../../../../arm-none-eabi/lib/thumb/v7e-m/fpv4-sp/hard\libc_nano.a(lib_a-sbrkr.o)
[...]
Memory Configuration

Name             Origin             Length             Attributes
RAM              0x20000000         0x00020000         xrw
CCMRAM           0x10000000         0x00010000         rw
FLASH            0x08000000         0x00100000         xr
*default*        0x00000000         0xffffffff

Linker script and memory map

LOAD c:/users/grant/.p2/pool/plugins/fr.ac6.mcu.externaltools.arm-none.win32_1.17.0.201812190825/tools/compiler/bin/../lib/gcc/arm-none-eabi/7.3.1/thumb/v7e-m/fpv4-sp/hard/crti.o
LOAD c:/users/grant/.p2/pool/plugins/fr.ac6.mcu.externaltools.arm-none.win32_1.17.0.201812190825/tools/compiler/bin/../lib/gcc/arm-none-eabi/7.3.1/thumb/v7e-m/fpv4-sp/hard/crtbegin.o
LOAD c:/users/grant/.p2/pool/plugins/fr.ac6.mcu.externaltools.arm-none.win32_1.17.0.201812190825/tools/compiler/bin/../lib/gcc/arm-none-eabi/7.3.1/../../../../arm-none-eabi/lib/thumb/v7e-m/fpv4-sp/hard/crt0.o
LOAD Drivers/STM32F4xx_HAL_Driver/Src/stm32f4xx_hal.o
LOAD Drivers/STM32F4xx_HAL_Driver/Src/stm32f4xx_hal_cortex.o
LOAD Drivers/STM32F4xx_HAL_Driver/Src/stm32f4xx_hal_dma.o
LOAD Drivers/STM32F4xx_HAL_Driver/Src/stm32f4xx_hal_dma_ex.o
LOAD Drivers/STM32F4xx_HAL_Driver/Src/stm32f4xx_hal_exti.o
LOAD Drivers/STM32F4xx_HAL_Driver/Src/stm32f4xx_hal_flash.o
LOAD Drivers/STM32F4xx_HAL_Driver/Src/stm32f4xx_hal_flash_ex.o
LOAD Drivers/STM32F4xx_HAL_Driver/Src/stm32f4xx_hal_flash_ramfunc.o
LOAD Drivers/STM32F4xx_HAL_Driver/Src/stm32f4xx_hal_gpio.o
LOAD Drivers/STM32F4xx_HAL_Driver/Src/stm32f4xx_hal_hcd.o
LOAD Drivers/STM32F4xx_HAL_Driver/Src/stm32f4xx_hal_i2c.o
LOAD Drivers/STM32F4xx_HAL_Driver/Src/stm32f4xx_hal_i2c_ex.o
LOAD Drivers/STM32F4xx_HAL_Driver/Src/stm32f4xx_hal_i2s.o
LOAD Drivers/STM32F4xx_HAL_Driver/Src/stm32f4xx_hal_i2s_ex.o
LOAD Drivers/STM32F4xx_HAL_Driver/Src/stm32f4xx_hal_pwr.o
LOAD Drivers/STM32F4xx_HAL_Driver/Src/stm32f4xx_hal_pwr_ex.o
LOAD Drivers/STM32F4xx_HAL_Driver/Src/stm32f4xx_hal_rcc.o
LOAD Drivers/STM32F4xx_HAL_Driver/Src/stm32f4xx_hal_rcc_ex.o
LOAD Drivers/STM32F4xx_HAL_Driver/Src/stm32f4xx_hal_spi.o
LOAD Drivers/STM32F4xx_HAL_Driver/Src/stm32f4xx_hal_tim.o
LOAD Drivers/STM32F4xx_HAL_Driver/Src/stm32f4xx_hal_tim_ex.o
LOAD Drivers/STM32F4xx_HAL_Driver/Src/stm32f4xx_ll_usb.o
LOAD Middlewares/ST/STM32_USB_Host_Library/Class/CDC/Src/usbh_cdc.o
LOAD Middlewares/ST/STM32_USB_Host_Library/Core/Src/usbh_core.o
LOAD Middlewares/ST/STM32_USB_Host_Library/Core/Src/usbh_ctlreq.o
LOAD Middlewares/ST/STM32_USB_Host_Library/Core/Src/usbh_ioreq.o
LOAD Middlewares/ST/STM32_USB_Host_Library/Core/Src/usbh_pipes.o
LOAD Src/main.o
LOAD Src/stm32f4xx_hal_msp.o
LOAD Src/stm32f4xx_it.o
LOAD Src/syscalls.o
LOAD Src/system_stm32f4xx.o
LOAD Src/usb_host.o
LOAD Src/usbh_conf.o
LOAD Src/usbh_platform.o
LOAD startup/startup_stm32f407xx.o
LOAD c:/users/grant/.p2/pool/plugins/fr.ac6.mcu.externaltools.arm-none.win32_1.17.0.201812190825/tools/compiler/bin/../lib/gcc/arm-none-eabi/7.3.1/../../../../arm-none-eabi/lib/thumb/v7e-m/fpv4-sp/hard\libm.a
START GROUP
LOAD c:/users/grant/.p2/pool/plugins/fr.ac6.mcu.externaltools.arm-none.win32_1.17.0.201812190825/tools/compiler/bin/../lib/gcc/arm-none-eabi/7.3.1/thumb/v7e-m/fpv4-sp/hard\libgcc.a
LOAD c:/users/grant/.p2/pool/plugins/fr.ac6.mcu.externaltools.arm-none.win32_1.17.0.201812190825/tools/compiler/bin/../lib/gcc/arm-none-eabi/7.3.1/../../../../arm-none-eabi/lib/thumb/v7e-m/fpv4-sp/hard\libc_nano.a
END GROUP
START GROUP
LOAD c:/users/grant/.p2/pool/plugins/fr.ac6.mcu.externaltools.arm-none.win32_1.17.0.201812190825/tools/compiler/bin/../lib/gcc/arm-none-eabi/7.3.1/thumb/v7e-m/fpv4-sp/hard\libgcc.a
LOAD c:/users/grant/.p2/pool/plugins/fr.ac6.mcu.externaltools.arm-none.win32_1.17.0.201812190825/tools/compiler/bin/../lib/gcc/arm-none-eabi/7.3.1/../../../../arm-none-eabi/lib/thumb/v7e-m/fpv4-sp/hard\libc_nano.a
LOAD c:/users/grant/.p2/pool/plugins/fr.ac6.mcu.externaltools.arm-none.win32_1.17.0.201812190825/tools/compiler/bin/../lib/gcc/arm-none-eabi/7.3.1/../../../../arm-none-eabi/lib/thumb/v7e-m/fpv4-sp/hard\libnosys.a
END GROUP
START GROUP
LOAD c:/users/grant/.p2/pool/plugins/fr.ac6.mcu.externaltools.arm-none.win32_1.17.0.201812190825/tools/compiler/bin/../lib/gcc/arm-none-eabi/7.3.1/thumb/v7e-m/fpv4-sp/hard\libgcc.a
LOAD c:/users/grant/.p2/pool/plugins/fr.ac6.mcu.externaltools.arm-none.win32_1.17.0.201812190825/tools/compiler/bin/../lib/gcc/arm-none-eabi/7.3.1/../../../../arm-none-eabi/lib/thumb/v7e-m/fpv4-sp/hard\libc_nano.a
LOAD c:/users/grant/.p2/pool/plugins/fr.ac6.mcu.externaltools.arm-none.win32_1.17.0.201812190825/tools/compiler/bin/../lib/gcc/arm-none-eabi/7.3.1/../../../../arm-none-eabi/lib/thumb/v7e-m/fpv4-sp/hard\libnosys.a
END GROUP
LOAD c:/users/grant/.p2/pool/plugins/fr.ac6.mcu.externaltools.arm-none.win32_1.17.0.201812190825/tools/compiler/bin/../lib/gcc/arm-none-eabi/7.3.1/thumb/v7e-m/fpv4-sp/hard/crtend.o
LOAD c:/users/grant/.p2/pool/plugins/fr.ac6.mcu.externaltools.arm-none.win32_1.17.0.201812190825/tools/compiler/bin/../lib/gcc/arm-none-eabi/7.3.1/thumb/v7e-m/fpv4-sp/hard/crtn.o
                0x20020000                _estack = 0x20020000
                0x00000200                _Min_Heap_Size = 0x200
                0x00000400                _Min_Stack_Size = 0x400

.isr_vector     0x08000000      0x188
                0x08000000                . = ALIGN (0x4)
 *(.isr_vector)
 .isr_vector    0x08000000      0x188 startup/startup_stm32f407xx.o
                0x08000000                g_pfnVectors
                0x08000188                . = ALIGN (0x4)

.text           0x08000188     0x4468
                0x08000188                . = ALIGN (0x4)
 *(.text)
 .text          0x08000188       0x40 c:/users/grant/.p2/pool/plugins/fr.ac6.mcu.externaltools.arm-none.win32_1.17.0.201812190825/tools/compiler/bin/../lib/gcc/arm-none-eabi/7.3.1/thumb/v7e-m/fpv4-sp/hard/crtbegin.o
 .text          0x080001c8       0x30 c:/users/grant/.p2/pool/plugins/fr.ac6.mcu.externaltools.arm-none.win32_1.17.0.201812190825/tools/compiler/bin/../lib/gcc/arm-none-eabi/7.3.1/thumb/v7e-m/fpv4-sp/hard\libgcc.a(_aeabi_uldivmod.o)
                0x080001c8                __aeabi_uldivmod
 .text          0x080001f8      0x2cc c:/users/grant/.p2/pool/plugins/fr.ac6.mcu.externaltools.arm-none.win32_1.17.0.201812190825/tools/compiler/bin/../lib/gcc/arm-none-eabi/7.3.1/thumb/v7e-m/fpv4-sp/hard\libgcc.a(_udivmoddi4.o)
                0x080001f8                __udivmoddi4
 .text          0x080004c4        0x4 c:/users/grant/.p2/pool/plugins/fr.ac6.mcu.externaltools.arm-none.win32_1.17.0.201812190825/tools/compiler/bin/../lib/gcc/arm-none-eabi/7.3.1/thumb/v7e-m/fpv4-sp/hard\libgcc.a(_dvmd_tls.o)
                0x080004c4                __aeabi_idiv0
                0x080004c4                __aeabi_ldiv0
 *(.text*)
 .text.HAL_InitTick
                0x080004c8       0x48 Drivers/STM32F4xx_HAL_Driver/Src/stm32f4xx_hal.o
                0x080004c8                HAL_InitTick
 .text.HAL_Init
                0x08000510       0x34 Drivers/STM32F4xx_HAL_Driver/Src/stm32f4xx_hal.o
                0x08000510                HAL_Init
 .text.HAL_IncTick
                0x08000544       0x18 Drivers/STM32F4xx_HAL_Driver/Src/stm32f4xx_hal.o
                0x08000544                HAL_IncTick
 .text.HAL_GetTick
                0x0800055c        0xc Drivers/STM32F4xx_HAL_Driver/Src/stm32f4xx_hal.o
                0x0800055c                HAL_GetTick
 .text.HAL_Delay
                0x08000568       0x28 Drivers/STM32F4xx_HAL_Driver/Src/stm32f4xx_hal.o
                0x08000568                HAL_Delay
 .text.HAL_NVIC_SetPriorityGrouping
                0x08000590       0x24 Drivers/STM32F4xx_HAL_Driver/Src/stm32f4xx_hal_cortex.o
                0x08000590                HAL_NVIC_SetPriorityGrouping
 .text.HAL_NVIC_SetPriority
                0x080005b4       0x68 Drivers/STM32F4xx_HAL_Driver/Src/stm32f4xx_hal_cortex.o
                0x080005b4                HAL_NVIC_SetPriority
 .text.HAL_NVIC_EnableIRQ
                0x0800061c       0x1c Drivers/STM32F4xx_HAL_Driver/Src/stm32f4xx_hal_cortex.o
                0x0800061c                HAL_NVIC_EnableIRQ
 .text.HAL_SYSTICK_Config
                0x08000638       0x2c Drivers/STM32F4xx_HAL_Driver/Src/stm32f4xx_hal_cortex.o
                0x08000638                HAL_SYSTICK_Config
 .text.HAL_GPIO_Init
                0x08000664      0x1c8 Drivers/STM32F4xx_HAL_Driver/Src/stm32f4xx_hal_gpio.o
                0x08000664                HAL_GPIO_Init
 .text.HAL_GPIO_ReadPin
                0x0800082c        0xe Drivers/STM32F4xx_HAL_Driver/Src/stm32f4xx_hal_gpio.o
                0x0800082c                HAL_GPIO_ReadPin
 .text.HAL_GPIO_WritePin
                0x0800083a        0xc Drivers/STM32F4xx_HAL_Driver/Src/stm32f4xx_hal_gpio.o
                0x0800083a                HAL_GPIO_WritePin
 *fill*         0x08000846        0x2 
 .text.HCD_RXQLVL_IRQHandler
                0x08000848       0x7c Drivers/STM32F4xx_HAL_Driver/Src/stm32f4xx_hal_hcd.o
 .text.HAL_HCD_HC_Init
                0x080008c4       0xa0 Drivers/STM32F4xx_HAL_Driver/Src/stm32f4xx_hal_hcd.o
                0x080008c4                HAL_HCD_HC_Init
 .text.HAL_HCD_HC_Halt
                0x08000964       0x24 Drivers/STM32F4xx_HAL_Driver/Src/stm32f4xx_hal_hcd.o
                0x08000964                HAL_HCD_HC_Halt
 .text.HAL_HCD_Init
                0x08000988       0x94 Drivers/STM32F4xx_HAL_Driver/Src/stm32f4xx_hal_hcd.o
                0x08000988                HAL_HCD_Init
 .text.HAL_HCD_HC_SubmitRequest
                0x08000a1c      0x18e Drivers/STM32F4xx_HAL_Driver/Src/stm32f4xx_hal_hcd.o
                0x08000a1c                HAL_HCD_HC_SubmitRequest
 .text.HCD_Port_IRQHandler
                0x08000baa       0xd4 Drivers/STM32F4xx_HAL_Driver/Src/stm32f4xx_hal_hcd.o
 .text.HCD_HC_IN_IRQHandler
                0x08000c7e      0x2bc Drivers/STM32F4xx_HAL_Driver/Src/stm32f4xx_hal_hcd.o
 .text.HCD_HC_OUT_IRQHandler
                0x08000f3a      0x2b4 Drivers/STM32F4xx_HAL_Driver/Src/stm32f4xx_hal_hcd.o
 .text.HAL_HCD_IRQHandler
                0x080011ee      0x148 Drivers/STM32F4xx_HAL_Driver/Src/stm32f4xx_hal_hcd.o
                0x080011ee                HAL_HCD_IRQHandler
 .text.HAL_HCD_Start
                0x08001336       0x2c Drivers/STM32F4xx_HAL_Driver/Src/stm32f4xx_hal_hcd.o
                0x08001336                HAL_HCD_Start
 .text.HAL_HCD_Stop
                0x08001362       0x24 Drivers/STM32F4xx_HAL_Driver/Src/stm32f4xx_hal_hcd.o
                0x08001362                HAL_HCD_Stop
 .text.HAL_HCD_ResetPort
                0x08001386        0xa Drivers/STM32F4xx_HAL_Driver/Src/stm32f4xx_hal_hcd.o
                0x08001386                HAL_HCD_ResetPort
 .text.HAL_HCD_HC_GetURBState
                0x08001390        0xe Drivers/STM32F4xx_HAL_Driver/Src/stm32f4xx_hal_hcd.o
                0x08001390                HAL_HCD_HC_GetURBState
 .text.HAL_HCD_HC_GetXferCount
                0x0800139e        0xc Drivers/STM32F4xx_HAL_Driver/Src/stm32f4xx_hal_hcd.o
                0x0800139e                HAL_HCD_HC_GetXferCount
 .text.HAL_HCD_GetCurrentFrame
                0x080013aa        0xa Drivers/STM32F4xx_HAL_Driver/Src/stm32f4xx_hal_hcd.o
                0x080013aa                HAL_HCD_GetCurrentFrame
 .text.HAL_HCD_GetCurrentSpeed
                0x080013b4        0xa Drivers/STM32F4xx_HAL_Driver/Src/stm32f4xx_hal_hcd.o
                0x080013b4                HAL_HCD_GetCurrentSpeed
 *fill*         0x080013be        0x2 
 .text.HAL_I2C_Init
                0x080013c0      0x1a0 Drivers/STM32F4xx_HAL_Driver/Src/stm32f4xx_hal_i2c.o
                0x080013c0                HAL_I2C_Init
 .text.HAL_I2S_Init
                0x08001560      0x19c Drivers/STM32F4xx_HAL_Driver/Src/stm32f4xx_hal_i2s.o
                0x08001560                HAL_I2S_Init
 .text.HAL_I2S_TxCpltCallback
                0x080016fc        0x2 Drivers/STM32F4xx_HAL_Driver/Src/stm32f4xx_hal_i2s.o
                0x080016fc                HAL_I2S_TxCpltCallback
 .text.I2S_Transmit_IT
                0x080016fe       0x36 Drivers/STM32F4xx_HAL_Driver/Src/stm32f4xx_hal_i2s.o
 .text.HAL_I2S_RxCpltCallback
                0x08001734        0x2 Drivers/STM32F4xx_HAL_Driver/Src/stm32f4xx_hal_i2s.o
                0x08001734                HAL_I2S_RxCpltCallback
 .text.I2S_Receive_IT
                0x08001736       0x36 Drivers/STM32F4xx_HAL_Driver/Src/stm32f4xx_hal_i2s.o
 .text.HAL_I2S_ErrorCallback
                0x0800176c        0x2 Drivers/STM32F4xx_HAL_Driver/Src/stm32f4xx_hal_i2s.o
                0x0800176c                HAL_I2S_ErrorCallback
 .text.I2S_IRQHandler
                0x0800176e       0xd0 Drivers/STM32F4xx_HAL_Driver/Src/stm32f4xx_hal_i2s.o
 .text.HAL_I2SEx_TxRxCpltCallback
                0x0800183e        0x2 Drivers/STM32F4xx_HAL_Driver/Src/stm32f4xx_hal_i2s_ex.o
                0x0800183e                HAL_I2SEx_TxRxCpltCallback
 .text.I2SEx_TxISR_I2S
                0x08001840       0x3a Drivers/STM32F4xx_HAL_Driver/Src/stm32f4xx_hal_i2s_ex.o
 *fill*         0x0800187a        0x2 
 .text.I2SEx_RxISR_I2SExt
                0x0800187c       0x60 Drivers/STM32F4xx_HAL_Driver/Src/stm32f4xx_hal_i2s_ex.o
 .text.I2SEx_TxISR_I2SExt
                0x080018dc       0x60 Drivers/STM32F4xx_HAL_Driver/Src/stm32f4xx_hal_i2s_ex.o
 .text.I2SEx_RxISR_I2S
                0x0800193c       0x3a Drivers/STM32F4xx_HAL_Driver/Src/stm32f4xx_hal_i2s_ex.o
 *fill*         0x08001976        0x2 
 .text.HAL_I2SEx_FullDuplex_IRQHandler
                0x08001978      0x1d8 Drivers/STM32F4xx_HAL_Driver/Src/stm32f4xx_hal_i2s_ex.o
                0x08001978                HAL_I2SEx_FullDuplex_IRQHandler
 .text.HAL_RCC_OscConfig
                0x08001b50      0x398 Drivers/STM32F4xx_HAL_Driver/Src/stm32f4xx_hal_rcc.o
                0x08001b50                HAL_RCC_OscConfig
 .text.HAL_RCC_GetSysClockFreq
                0x08001ee8       0xd8 Drivers/STM32F4xx_HAL_Driver/Src/stm32f4xx_hal_rcc.o
                0x08001ee8                HAL_RCC_GetSysClockFreq
 .text.HAL_RCC_ClockConfig
                0x08001fc0      0x158 Drivers/STM32F4xx_HAL_Driver/Src/stm32f4xx_hal_rcc.o
                0x08001fc0                HAL_RCC_ClockConfig
 .text.HAL_RCC_GetHCLKFreq
                0x08002118        0xc Drivers/STM32F4xx_HAL_Driver/Src/stm32f4xx_hal_rcc.o
                0x08002118                HAL_RCC_GetHCLKFreq
 .text.HAL_RCC_GetPCLK1Freq
                0x08002124       0x20 Drivers/STM32F4xx_HAL_Driver/Src/stm32f4xx_hal_rcc.o
                0x08002124                HAL_RCC_GetPCLK1Freq
 .text.HAL_RCCEx_PeriphCLKConfig
                0x08002144      0x154 Drivers/STM32F4xx_HAL_Driver/Src/stm32f4xx_hal_rcc_ex.o
                0x08002144                HAL_RCCEx_PeriphCLKConfig
 .text.HAL_RCCEx_GetPeriphCLKFreq
                0x08002298       0x74 Drivers/STM32F4xx_HAL_Driver/Src/stm32f4xx_hal_rcc_ex.o
                0x08002298                HAL_RCCEx_GetPeriphCLKFreq
 .text.HAL_SPI_Init
                0x0800230c       0x80 Drivers/STM32F4xx_HAL_Driver/Src/stm32f4xx_hal_spi.o
                0x0800230c                HAL_SPI_Init
 .text.USB_CoreReset
                0x0800238c       0x3c Drivers/STM32F4xx_HAL_Driver/Src/stm32f4xx_ll_usb.o
 .text.USB_CoreInit
                0x080023c8       0x8a Drivers/STM32F4xx_HAL_Driver/Src/stm32f4xx_ll_usb.o
                0x080023c8                USB_CoreInit
 .text.USB_EnableGlobalInt
                0x08002452        0xc Drivers/STM32F4xx_HAL_Driver/Src/stm32f4xx_ll_usb.o
                0x08002452                USB_EnableGlobalInt
 .text.USB_DisableGlobalInt
                0x0800245e        0xc Drivers/STM32F4xx_HAL_Driver/Src/stm32f4xx_ll_usb.o
                0x0800245e                USB_DisableGlobalInt
 .text.USB_SetCurrentMode
                0x0800246a       0x30 Drivers/STM32F4xx_HAL_Driver/Src/stm32f4xx_ll_usb.o
                0x0800246a                USB_SetCurrentMode
 *fill*         0x0800249a        0x2 
 .text.USB_FlushTxFifo
                0x0800249c       0x28 Drivers/STM32F4xx_HAL_Driver/Src/stm32f4xx_ll_usb.o
                0x0800249c                USB_FlushTxFifo
 .text.USB_FlushRxFifo
                0x080024c4       0x24 Drivers/STM32F4xx_HAL_Driver/Src/stm32f4xx_ll_usb.o
                0x080024c4                USB_FlushRxFifo
 .text.USB_WritePacket
                0x080024e8       0x28 Drivers/STM32F4xx_HAL_Driver/Src/stm32f4xx_ll_usb.o
                0x080024e8                USB_WritePacket
 .text.USB_ReadPacket
                0x08002510       0x28 Drivers/STM32F4xx_HAL_Driver/Src/stm32f4xx_ll_usb.o
                0x08002510                USB_ReadPacket
 .text.USB_ReadInterrupts
                0x08002538        0x8 Drivers/STM32F4xx_HAL_Driver/Src/stm32f4xx_ll_usb.o
                0x08002538                USB_ReadInterrupts
 .text.USB_GetMode
                0x08002540        0x8 Drivers/STM32F4xx_HAL_Driver/Src/stm32f4xx_ll_usb.o
                0x08002540                USB_GetMode
 .text.USB_InitFSLSPClkSel
                0x08002548       0x40 Drivers/STM32F4xx_HAL_Driver/Src/stm32f4xx_ll_usb.o
                0x08002548                USB_InitFSLSPClkSel
 .text.USB_ResetPort
                0x08002588       0x3e Drivers/STM32F4xx_HAL_Driver/Src/stm32f4xx_ll_usb.o
                0x08002588                USB_ResetPort
 .text.USB_DriveVbus
                0x080025c6       0x46 Drivers/STM32F4xx_HAL_Driver/Src/stm32f4xx_ll_usb.o
                0x080025c6                USB_DriveVbus
 .text.USB_HostInit
                0x0800260c       0xfc Drivers/STM32F4xx_HAL_Driver/Src/stm32f4xx_ll_usb.o
                0x0800260c                USB_HostInit
 .text.USB_GetHostSpeed
                0x08002708       0x16 Drivers/STM32F4xx_HAL_Driver/Src/stm32f4xx_ll_usb.o
                0x08002708                USB_GetHostSpeed
 .text.USB_GetCurrentFrame
                0x0800271e        0xa Drivers/STM32F4xx_HAL_Driver/Src/stm32f4xx_ll_usb.o
                0x0800271e                USB_GetCurrentFrame
 .text.USB_HC_Init
                0x08002728      0x108 Drivers/STM32F4xx_HAL_Driver/Src/stm32f4xx_ll_usb.o
                0x08002728                USB_HC_Init
 .text.USB_HC_ReadInterrupt
                0x08002830        0xa Drivers/STM32F4xx_HAL_Driver/Src/stm32f4xx_ll_usb.o
                0x08002830                USB_HC_ReadInterrupt
 .text.USB_HC_Halt
                0x0800283a       0xd0 Drivers/STM32F4xx_HAL_Driver/Src/stm32f4xx_ll_usb.o
                0x0800283a                USB_HC_Halt
 *fill*         0x0800290a        0x2 
 .text.USB_DoPing
                0x0800290c       0x24 Drivers/STM32F4xx_HAL_Driver/Src/stm32f4xx_ll_usb.o
                0x0800290c                USB_DoPing
 .text.USB_HC_StartXfer
                0x08002930      0x158 Drivers/STM32F4xx_HAL_Driver/Src/stm32f4xx_ll_usb.o
                0x08002930                USB_HC_StartXfer
 .text.USB_StopHost
                0x08002a88       0x7e Drivers/STM32F4xx_HAL_Driver/Src/stm32f4xx_ll_usb.o
                0x08002a88                USB_StopHost
 .text.USBH_CDC_SOFProcess
                0x08002b06        0x4 Middlewares/ST/STM32_USB_Host_Library/Class/CDC/Src/usbh_cdc.o
 .text.SetLineCoding
                0x08002b0a       0x1a Middlewares/ST/STM32_USB_Host_Library/Class/CDC/Src/usbh_cdc.o
 .text.GetLineCoding
                0x08002b24       0x1a Middlewares/ST/STM32_USB_Host_Library/Class/CDC/Src/usbh_cdc.o
 .text.USBH_CDC_ClassRequest
                0x08002b3e       0x22 Middlewares/ST/STM32_USB_Host_Library/Class/CDC/Src/usbh_cdc.o
 .text.USBH_CDC_InterfaceDeInit
                0x08002b60       0x68 Middlewares/ST/STM32_USB_Host_Library/Class/CDC/Src/usbh_cdc.o
 .text.USBH_CDC_InterfaceInit
                0x08002bc8      0x160 Middlewares/ST/STM32_USB_Host_Library/Class/CDC/Src/usbh_cdc.o
 .text.USBH_CDC_TransmitCallback
                0x08002d28        0x2 Middlewares/ST/STM32_USB_Host_Library/Class/CDC/Src/usbh_cdc.o
                0x08002d28                USBH_CDC_TransmitCallback
 .text.CDC_ProcessTransmission
                0x08002d2a       0x94 Middlewares/ST/STM32_USB_Host_Library/Class/CDC/Src/usbh_cdc.o
 .text.USBH_CDC_ReceiveCallback
                0x08002dbe        0x2 Middlewares/ST/STM32_USB_Host_Library/Class/CDC/Src/usbh_cdc.o
                0x08002dbe                USBH_CDC_ReceiveCallback
 .text.CDC_ProcessReception
                0x08002dc0       0x68 Middlewares/ST/STM32_USB_Host_Library/Class/CDC/Src/usbh_cdc.o
 .text.USBH_CDC_LineCodingChanged
                0x08002e28        0x2 Middlewares/ST/STM32_USB_Host_Library/Class/CDC/Src/usbh_cdc.o
                0x08002e28                USBH_CDC_LineCodingChanged
 .text.USBH_CDC_Process
                0x08002e2a       0xb8 Middlewares/ST/STM32_USB_Host_Library/Class/CDC/Src/usbh_cdc.o
 .text.DeInitStateMachine
                0x08002ee2       0x4a Middlewares/ST/STM32_USB_Host_Library/Core/Src/usbh_core.o
 .text.USBH_HandleSof
                0x08002f2c       0x1a Middlewares/ST/STM32_USB_Host_Library/Core/Src/usbh_core.o
 .text.USBH_HandleEnum
                0x08002f46      0x16e Middlewares/ST/STM32_USB_Host_Library/Core/Src/usbh_core.o
 .text.USBH_Init
                0x080030b4       0x2e Middlewares/ST/STM32_USB_Host_Library/Core/Src/usbh_core.o
                0x080030b4                USBH_Init
 .text.USBH_RegisterClass
                0x080030e2       0x24 Middlewares/ST/STM32_USB_Host_Library/Core/Src/usbh_core.o
                0x080030e2                USBH_RegisterClass
 .text.USBH_SelectInterface
                0x08003106       0x14 Middlewares/ST/STM32_USB_Host_Library/Core/Src/usbh_core.o
                0x08003106                USBH_SelectInterface
 .text.USBH_FindInterface
                0x0800311a       0x50 Middlewares/ST/STM32_USB_Host_Library/Core/Src/usbh_core.o
                0x0800311a                USBH_FindInterface
 .text.USBH_Start
                0x0800316a       0x14 Middlewares/ST/STM32_USB_Host_Library/Core/Src/usbh_core.o
                0x0800316a                USBH_Start
 .text.USBH_LL_SetTimer
                0x0800317e        0x6 Middlewares/ST/STM32_USB_Host_Library/Core/Src/usbh_core.o
                0x0800317e                USBH_LL_SetTimer
 .text.USBH_LL_IncTimer
                0x08003184       0x12 Middlewares/ST/STM32_USB_Host_Library/Core/Src/usbh_core.o
                0x08003184                USBH_LL_IncTimer
 .text.USBH_LL_PortEnabled
                0x08003196        0x8 Middlewares/ST/STM32_USB_Host_Library/Core/Src/usbh_core.o
                0x08003196                USBH_LL_PortEnabled
 .text.USBH_LL_PortDisabled
                0x0800319e        0x8 Middlewares/ST/STM32_USB_Host_Library/Core/Src/usbh_core.o
                0x0800319e                USBH_LL_PortDisabled
 .text.USBH_IsPortEnabled
                0x080031a6        0x6 Middlewares/ST/STM32_USB_Host_Library/Core/Src/usbh_core.o
                0x080031a6                USBH_IsPortEnabled
 .text.USBH_Process
                0x080031ac      0x1ec Middlewares/ST/STM32_USB_Host_Library/Core/Src/usbh_core.o
                0x080031ac                USBH_Process
 .text.USBH_LL_Connect
                0x08003398       0x28 Middlewares/ST/STM32_USB_Host_Library/Core/Src/usbh_core.o
                0x08003398                USBH_LL_Connect
 .text.USBH_LL_Disconnect
                0x080033c0       0x38 Middlewares/ST/STM32_USB_Host_Library/Core/Src/usbh_core.o
                0x080033c0                USBH_LL_Disconnect
 .text.USBH_ParseDevDesc
                0x080033f8       0x5c Middlewares/ST/STM32_USB_Host_Library/Core/Src/usbh_ctlreq.o
 .text.USBH_ParseInterfaceDesc
                0x08003454       0x26 Middlewares/ST/STM32_USB_Host_Library/Core/Src/usbh_ctlreq.o
 .text.USBH_ParseEPDesc
                0x0800347a       0x20 Middlewares/ST/STM32_USB_Host_Library/Core/Src/usbh_ctlreq.o
 .text.USBH_ParseStringDesc
                0x0800349a       0x3c Middlewares/ST/STM32_USB_Host_Library/Core/Src/usbh_ctlreq.o
 .text.USBH_HandleControl
                0x080034d6      0x1d0 Middlewares/ST/STM32_USB_Host_Library/Core/Src/usbh_ctlreq.o
 .text.USBH_GetNextDesc
                0x080036a6        0xe Middlewares/ST/STM32_USB_Host_Library/Core/Src/usbh_ctlreq.o
                0x080036a6                USBH_GetNextDesc
 .text.USBH_ParseCfgDesc
                0x080036b4       0xc2 Middlewares/ST/STM32_USB_Host_Library/Core/Src/usbh_ctlreq.o
 .text.USBH_CtlReq
                0x08003776       0x4e Middlewares/ST/STM32_USB_Host_Library/Core/Src/usbh_ctlreq.o
                0x08003776                USBH_CtlReq
 .text.USBH_GetDescriptor
                0x080037c4       0x3c Middlewares/ST/STM32_USB_Host_Library/Core/Src/usbh_ctlreq.o
                0x080037c4                USBH_GetDescriptor
 .text.USBH_Get_DevDesc
                0x08003800       0x32 Middlewares/ST/STM32_USB_Host_Library/Core/Src/usbh_ctlreq.o
                0x08003800                USBH_Get_DevDesc
 .text.USBH_Get_CfgDesc
                0x08003832       0x32 Middlewares/ST/STM32_USB_Host_Library/Core/Src/usbh_ctlreq.o
                0x08003832                USBH_Get_CfgDesc
 .text.USBH_Get_StringDesc
                0x08003864       0x30 Middlewares/ST/STM32_USB_Host_Library/Core/Src/usbh_ctlreq.o
                0x08003864                USBH_Get_StringDesc
 .text.USBH_SetAddress
                0x08003894       0x22 Middlewares/ST/STM32_USB_Host_Library/Core/Src/usbh_ctlreq.o
                0x08003894                USBH_SetAddress
 .text.USBH_SetCfg
                0x080038b6       0x22 Middlewares/ST/STM32_USB_Host_Library/Core/Src/usbh_ctlreq.o
                0x080038b6                USBH_SetCfg
 .text.USBH_SetFeature
                0x080038d8       0x22 Middlewares/ST/STM32_USB_Host_Library/Core/Src/usbh_ctlreq.o
                0x080038d8                USBH_SetFeature
 .text.USBH_ClrFeature
                0x080038fa       0x24 Middlewares/ST/STM32_USB_Host_Library/Core/Src/usbh_ctlreq.o
                0x080038fa                USBH_ClrFeature
 .text.USBH_CtlSendSetup
                0x0800391e       0x22 Middlewares/ST/STM32_USB_Host_Library/Core/Src/usbh_ioreq.o
                0x0800391e                USBH_CtlSendSetup
 .text.USBH_CtlSendData
                0x08003940       0x2c Middlewares/ST/STM32_USB_Host_Library/Core/Src/usbh_ioreq.o
                0x08003940                USBH_CtlSendData
 .text.USBH_CtlReceiveData
                0x0800396c       0x20 Middlewares/ST/STM32_USB_Host_Library/Core/Src/usbh_ioreq.o
                0x0800396c                USBH_CtlReceiveData
 .text.USBH_BulkSendData
                0x0800398c       0x2c Middlewares/ST/STM32_USB_Host_Library/Core/Src/usbh_ioreq.o
                0x0800398c                USBH_BulkSendData
 .text.USBH_BulkReceiveData
                0x080039b8       0x20 Middlewares/ST/STM32_USB_Host_Library/Core/Src/usbh_ioreq.o
                0x080039b8                USBH_BulkReceiveData
 .text.USBH_GetFreePipe
                0x080039d8       0x24 Middlewares/ST/STM32_USB_Host_Library/Core/Src/usbh_pipes.o
 .text.USBH_OpenPipe
                0x080039fc       0x20 Middlewares/ST/STM32_USB_Host_Library/Core/Src/usbh_pipes.o
                0x080039fc                USBH_OpenPipe
 .text.USBH_ClosePipe
                0x08003a1c        0xa Middlewares/ST/STM32_USB_Host_Library/Core/Src/usbh_pipes.o
                0x08003a1c                USBH_ClosePipe
 .text.USBH_AllocPipe
                0x08003a26       0x22 Middlewares/ST/STM32_USB_Host_Library/Core/Src/usbh_pipes.o
                0x08003a26                USBH_AllocPipe
 .text.USBH_FreePipe
                0x08003a48       0x16 Middlewares/ST/STM32_USB_Host_Library/Core/Src/usbh_pipes.o
                0x08003a48                USBH_FreePipe
 *fill*         0x08003a5e        0x2 
 .text.MX_GPIO_Init
                0x08003a60      0x180 Src/main.o
 .text.MX_I2C1_Init
                0x08003be0       0x34 Src/main.o
 .text.MX_I2S3_Init
                0x08003c14       0x34 Src/main.o
 .text.MX_SPI1_Init
                0x08003c48       0x38 Src/main.o
 .text.SystemClock_Config
                0x08003c80       0xb0 Src/main.o
                0x08003c80                SystemClock_Config
 .text.main     0x08003d30      0x108 Src/main.o
                0x08003d30                main
 .text.Error_Handler
                0x08003e38        0x2 Src/main.o
                0x08003e38                Error_Handler
 *fill*         0x08003e3a        0x2 
 .text.HAL_MspInit
                0x08003e3c       0x40 Src/stm32f4xx_hal_msp.o
                0x08003e3c                HAL_MspInit
 .text.HAL_I2C_MspInit
                0x08003e7c       0x70 Src/stm32f4xx_hal_msp.o
                0x08003e7c                HAL_I2C_MspInit
 .text.HAL_I2S_MspInit
                0x08003eec       0x98 Src/stm32f4xx_hal_msp.o
                0x08003eec                HAL_I2S_MspInit
 .text.HAL_SPI_MspInit
                0x08003f84       0x6c Src/stm32f4xx_hal_msp.o
                0x08003f84                HAL_SPI_MspInit
 .text.NMI_Handler
                0x08003ff0        0x2 Src/stm32f4xx_it.o
                0x08003ff0                NMI_Handler
 .text.HardFault_Handler
                0x08003ff2        0x2 Src/stm32f4xx_it.o
                0x08003ff2                HardFault_Handler
 .text.MemManage_Handler
                0x08003ff4        0x2 Src/stm32f4xx_it.o
                0x08003ff4                MemManage_Handler
 .text.BusFault_Handler
                0x08003ff6        0x2 Src/stm32f4xx_it.o
                0x08003ff6                BusFault_Handler
 .text.UsageFault_Handler
                0x08003ff8        0x2 Src/stm32f4xx_it.o
                0x08003ff8                UsageFault_Handler
 .text.SVC_Handler
                0x08003ffa        0x2 Src/stm32f4xx_it.o
                0x08003ffa                SVC_Handler
 .text.DebugMon_Handler
                0x08003ffc        0x2 Src/stm32f4xx_it.o
                0x08003ffc                DebugMon_Handler
 .text.PendSV_Handler
                0x08003ffe        0x2 Src/stm32f4xx_it.o
                0x08003ffe                PendSV_Handler
 .text.SysTick_Handler
                0x08004000        0x8 Src/stm32f4xx_it.o
                0x08004000                SysTick_Handler
 .text.OTG_FS_IRQHandler
                0x08004008       0x10 Src/stm32f4xx_it.o
                0x08004008                OTG_FS_IRQHandler
 .text._sbrk    0x08004018       0x3c Src/syscalls.o
                0x08004018                _sbrk
 .text.SystemInit
                0x08004054       0x4c Src/system_stm32f4xx.o
                0x08004054                SystemInit
 .text.USBH_UserProcess
                0x080040a0       0x2c Src/usb_host.o
 .text.MX_USB_HOST_Init
                0x080040cc       0x40 Src/usb_host.o
                0x080040cc                MX_USB_HOST_Init
 .text.MX_USB_HOST_Process
                0x0800410c       0x10 Src/usb_host.o
                0x0800410c                MX_USB_HOST_Process
 .text.HAL_HCD_MspInit
                0x0800411c       0x98 Src/usbh_conf.o
                0x0800411c                HAL_HCD_MspInit
 .text.HAL_HCD_SOF_Callback
                0x080041b4        0xc Src/usbh_conf.o
                0x080041b4                HAL_HCD_SOF_Callback
 .text.HAL_HCD_Connect_Callback
                0x080041c0        0xc Src/usbh_conf.o
                0x080041c0                HAL_HCD_Connect_Callback
 .text.HAL_HCD_Disconnect_Callback
                0x080041cc        0xc Src/usbh_conf.o
                0x080041cc                HAL_HCD_Disconnect_Callback
 .text.HAL_HCD_HC_NotifyURBChange_Callback
                0x080041d8        0x2 Src/usbh_conf.o
                0x080041d8                HAL_HCD_HC_NotifyURBChange_Callback
 .text.HAL_HCD_PortEnabled_Callback
                0x080041da        0xc Src/usbh_conf.o
                0x080041da                HAL_HCD_PortEnabled_Callback
 .text.HAL_HCD_PortDisabled_Callback
                0x080041e6        0xc Src/usbh_conf.o
                0x080041e6                HAL_HCD_PortDisabled_Callback
 *fill*         0x080041f2        0x2 
 .text.USBH_LL_Init
                0x080041f4       0x54 Src/usbh_conf.o
                0x080041f4                USBH_LL_Init
 .text.USBH_LL_GetSpeed
                0x08004248       0x1c Src/usbh_conf.o
                0x08004248                USBH_LL_GetSpeed
 .text.USBH_LL_GetLastXferSize
                0x08004264        0xc Src/usbh_conf.o
                0x08004264                USBH_LL_GetLastXferSize
 .text.USBH_LL_GetURBState
                0x08004270        0xc Src/usbh_conf.o
                0x08004270                USBH_LL_GetURBState
 .text.USBH_LL_DriverVBUS
                0x0800427c       0x1c Src/usbh_conf.o
                0x0800427c                USBH_LL_DriverVBUS
 .text.USBH_LL_SetToggle
                0x08004298       0x32 Src/usbh_conf.o
                0x08004298                USBH_LL_SetToggle
 .text.USBH_Delay
                0x080042ca        0x8 Src/usbh_conf.o
                0x080042ca                USBH_Delay
 .text.USBH_Get_USB_Status
                0x080042d2       0x12 Src/usbh_conf.o
                0x080042d2                USBH_Get_USB_Status
 .text.USBH_LL_Start
                0x080042e4       0x10 Src/usbh_conf.o
                0x080042e4                USBH_LL_Start
 .text.USBH_LL_Stop
                0x080042f4       0x10 Src/usbh_conf.o
                0x080042f4                USBH_LL_Stop
 .text.USBH_LL_ResetPort
                0x08004304       0x10 Src/usbh_conf.o
                0x08004304                USBH_LL_ResetPort
 .text.USBH_LL_OpenPipe
                0x08004314       0x26 Src/usbh_conf.o
                0x08004314                USBH_LL_OpenPipe
 .text.USBH_LL_ClosePipe
                0x0800433a       0x10 Src/usbh_conf.o
                0x0800433a                USBH_LL_ClosePipe
 .text.USBH_LL_SubmitURB
                0x0800434a       0x2a Src/usbh_conf.o
                0x0800434a                USBH_LL_SubmitURB
 .text.MX_DriverVbusFS
                0x08004374       0x18 Src/usbh_platform.o
                0x08004374                MX_DriverVbusFS
 .text.Reset_Handler
                0x0800438c       0x50 startup/startup_stm32f407xx.o
                0x0800438c                Reset_Handler
 .text.Default_Handler
                0x080043dc        0x2 startup/startup_stm32f407xx.o
                0x080043dc                RTC_Alarm_IRQHandler
                0x080043dc                HASH_RNG_IRQHandler
                0x080043dc                EXTI2_IRQHandler
                0x080043dc                TIM8_CC_IRQHandler
                0x080043dc                TIM1_CC_IRQHandler
                0x080043dc                DMA2_Stream5_IRQHandler
                0x080043dc                DMA1_Stream5_IRQHandler
                0x080043dc                PVD_IRQHandler
                0x080043dc                SDIO_IRQHandler
                0x080043dc                TAMP_STAMP_IRQHandler
                0x080043dc                CAN2_RX1_IRQHandler
                0x080043dc                EXTI3_IRQHandler
                0x080043dc                TIM8_TRG_COM_TIM14_IRQHandler
                0x080043dc                TIM1_UP_TIM10_IRQHandler
                0x080043dc                TIM8_UP_TIM13_IRQHandler
                0x080043dc                I2C3_ER_IRQHandler
                0x080043dc                EXTI0_IRQHandler
                0x080043dc                I2C2_EV_IRQHandler
                0x080043dc                DMA1_Stream2_IRQHandler
                0x080043dc                CAN1_RX0_IRQHandler
                0x080043dc                FPU_IRQHandler
                0x080043dc                OTG_HS_WKUP_IRQHandler
                0x080043dc                CAN2_SCE_IRQHandler
                0x080043dc                DMA2_Stream2_IRQHandler
                0x080043dc                SPI1_IRQHandler
                0x080043dc                TIM6_DAC_IRQHandler
                0x080043dc                TIM1_BRK_TIM9_IRQHandler
                0x080043dc                DCMI_IRQHandler
                0x080043dc                CAN2_RX0_IRQHandler
                0x080043dc                DMA2_Stream3_IRQHandler
                0x080043dc                USART6_IRQHandler
                0x080043dc                USART3_IRQHandler
                0x080043dc                CAN1_RX1_IRQHandler
                0x080043dc                UART5_IRQHandler
                0x080043dc                DMA2_Stream0_IRQHandler
                0x080043dc                TIM4_IRQHandler
                0x080043dc                I2C1_EV_IRQHandler
                0x080043dc                DMA1_Stream6_IRQHandler
                0x080043dc                DMA1_Stream1_IRQHandler
                0x080043dc                UART4_IRQHandler
                0x080043dc                TIM3_IRQHandler
                0x080043dc                RCC_IRQHandler
                0x080043dc                TIM8_BRK_TIM12_IRQHandler
                0x080043dc                Default_Handler
                0x080043dc                EXTI15_10_IRQHandler
                0x080043dc                ADC_IRQHandler
                0x080043dc                DMA1_Stream7_IRQHandler
                0x080043dc                TIM7_IRQHandler
                0x080043dc                CAN2_TX_IRQHandler
                0x080043dc                TIM5_IRQHandler
                0x080043dc                DMA2_Stream7_IRQHandler
                0x080043dc                I2C3_EV_IRQHandler
                0x080043dc                EXTI9_5_IRQHandler
                0x080043dc                RTC_WKUP_IRQHandler
                0x080043dc                ETH_WKUP_IRQHandler
                0x080043dc                SPI2_IRQHandler
                0x080043dc                OTG_HS_EP1_IN_IRQHandler
                0x080043dc                DMA1_Stream0_IRQHandler
                0x080043dc                CAN1_TX_IRQHandler
                0x080043dc                EXTI4_IRQHandler
                0x080043dc                FSMC_IRQHandler
                0x080043dc                ETH_IRQHandler
                0x080043dc                OTG_HS_EP1_OUT_IRQHandler
                0x080043dc                WWDG_IRQHandler
                0x080043dc                TIM2_IRQHandler
                0x080043dc                OTG_FS_WKUP_IRQHandler
                0x080043dc                TIM1_TRG_COM_TIM11_IRQHandler
                0x080043dc                OTG_HS_IRQHandler
                0x080043dc                EXTI1_IRQHandler
                0x080043dc                USART2_IRQHandler
                0x080043dc                I2C2_ER_IRQHandler
                0x080043dc                DMA2_Stream1_IRQHandler
                0x080043dc                CAN1_SCE_IRQHandler
                0x080043dc                FLASH_IRQHandler
                0x080043dc                DMA2_Stream4_IRQHandler
                0x080043dc                USART1_IRQHandler
                0x080043dc                SPI3_IRQHandler
                0x080043dc                DMA1_Stream4_IRQHandler
                0x080043dc                I2C1_ER_IRQHandler
                0x080043dc                DMA2_Stream6_IRQHandler
                0x080043dc                DMA1_Stream3_IRQHandler
 *fill*         0x080043de        0x2 
 .text.__errno  0x080043e0        0xc c:/users/grant/.p2/pool/plugins/fr.ac6.mcu.externaltools.arm-none.win32_1.17.0.201812190825/tools/compiler/bin/../lib/gcc/arm-none-eabi/7.3.1/../../../../arm-none-eabi/lib/thumb/v7e-m/fpv4-sp/hard\libc_nano.a(lib_a-errno.o)
                0x080043e0                __errno
 .text.__libc_init_array
                0x080043ec       0x48 c:/users/grant/.p2/pool/plugins/fr.ac6.mcu.externaltools.arm-none.win32_1.17.0.201812190825/tools/compiler/bin/../lib/gcc/arm-none-eabi/7.3.1/../../../../arm-none-eabi/lib/thumb/v7e-m/fpv4-sp/hard\libc_nano.a(lib_a-init.o)
                0x080043ec                __libc_init_array
 .text.malloc   0x08004434       0x10 c:/users/grant/.p2/pool/plugins/fr.ac6.mcu.externaltools.arm-none.win32_1.17.0.201812190825/tools/compiler/bin/../lib/gcc/arm-none-eabi/7.3.1/../../../../arm-none-eabi/lib/thumb/v7e-m/fpv4-sp/hard\libc_nano.a(lib_a-malloc.o)
                0x08004434                malloc
 .text.free     0x08004444       0x10 c:/users/grant/.p2/pool/plugins/fr.ac6.mcu.externaltools.arm-none.win32_1.17.0.201812190825/tools/compiler/bin/../lib/gcc/arm-none-eabi/7.3.1/../../../../arm-none-eabi/lib/thumb/v7e-m/fpv4-sp/hard\libc_nano.a(lib_a-malloc.o)
                0x08004444                free
 .text.memset   0x08004454       0x10 c:/users/grant/.p2/pool/plugins/fr.ac6.mcu.externaltools.arm-none.win32_1.17.0.201812190825/tools/compiler/bin/../lib/gcc/arm-none-eabi/7.3.1/../../../../arm-none-eabi/lib/thumb/v7e-m/fpv4-sp/hard\libc_nano.a(lib_a-memset.o)
                0x08004454                memset
 .text._free_r  0x08004464       0x9c c:/users/grant/.p2/pool/plugins/fr.ac6.mcu.externaltools.arm-none.win32_1.17.0.201812190825/tools/compiler/bin/../lib/gcc/arm-none-eabi/7.3.1/../../../../arm-none-eabi/lib/thumb/v7e-m/fpv4-sp/hard\libc_nano.a(lib_a-nano-freer.o)
                0x08004464                _free_r
 .text._malloc_r
                0x08004500       0xb4 c:/users/grant/.p2/pool/plugins/fr.ac6.mcu.externaltools.arm-none.win32_1.17.0.201812190825/tools/compiler/bin/../lib/gcc/arm-none-eabi/7.3.1/../../../../arm-none-eabi/lib/thumb/v7e-m/fpv4-sp/hard\libc_nano.a(lib_a-nano-mallocr.o)
                0x08004500                _malloc_r
 .text._sbrk_r  0x080045b4       0x20 c:/users/grant/.p2/pool/plugins/fr.ac6.mcu.externaltools.arm-none.win32_1.17.0.201812190825/tools/compiler/bin/../lib/gcc/arm-none-eabi/7.3.1/../../../../arm-none-eabi/lib/thumb/v7e-m/fpv4-sp/hard\libc_nano.a(lib_a-sbrkr.o)
                0x080045b4                _sbrk_r
 .text.__malloc_lock
                0x080045d4        0x2 c:/users/grant/.p2/pool/plugins/fr.ac6.mcu.externaltools.arm-none.win32_1.17.0.201812190825/tools/compiler/bin/../lib/gcc/arm-none-eabi/7.3.1/../../../../arm-none-eabi/lib/thumb/v7e-m/fpv4-sp/hard\libc_nano.a(lib_a-mlock.o)
                0x080045d4                __malloc_lock
 .text.__malloc_unlock
                0x080045d6        0x2 c:/users/grant/.p2/pool/plugins/fr.ac6.mcu.externaltools.arm-none.win32_1.17.0.201812190825/tools/compiler/bin/../lib/gcc/arm-none-eabi/7.3.1/../../../../arm-none-eabi/lib/thumb/v7e-m/fpv4-sp/hard\libc_nano.a(lib_a-mlock.o)
                0x080045d6                __malloc_unlock
 *(.glue_7)
 .glue_7        0x080045d8        0x0 linker stubs
 *(.glue_7t)
 .glue_7t       0x080045d8        0x0 linker stubs
 *(.eh_frame)
 .eh_frame      0x080045d8        0x0 c:/users/grant/.p2/pool/plugins/fr.ac6.mcu.externaltools.arm-none.win32_1.17.0.201812190825/tools/compiler/bin/../lib/gcc/arm-none-eabi/7.3.1/thumb/v7e-m/fpv4-sp/hard/crtbegin.o
 *(.init)
 .init          0x080045d8        0x4 c:/users/grant/.p2/pool/plugins/fr.ac6.mcu.externaltools.arm-none.win32_1.17.0.201812190825/tools/compiler/bin/../lib/gcc/arm-none-eabi/7.3.1/thumb/v7e-m/fpv4-sp/hard/crti.o
                0x080045d8                _init
 .init          0x080045dc        0x8 c:/users/grant/.p2/pool/plugins/fr.ac6.mcu.externaltools.arm-none.win32_1.17.0.201812190825/tools/compiler/bin/../lib/gcc/arm-none-eabi/7.3.1/thumb/v7e-m/fpv4-sp/hard/crtn.o
 *(.fini)
 .fini          0x080045e4        0x4 c:/users/grant/.p2/pool/plugins/fr.ac6.mcu.externaltools.arm-none.win32_1.17.0.201812190825/tools/compiler/bin/../lib/gcc/arm-none-eabi/7.3.1/thumb/v7e-m/fpv4-sp/hard/crti.o
                0x080045e4                _fini
 .fini          0x080045e8        0x8 c:/users/grant/.p2/pool/plugins/fr.ac6.mcu.externaltools.arm-none.win32_1.17.0.201812190825/tools/compiler/bin/../lib/gcc/arm-none-eabi/7.3.1/thumb/v7e-m/fpv4-sp/hard/crtn.o
                0x080045f0                . = ALIGN (0x4)
                0x080045f0                _etext = .

.vfp11_veneer   0x080045f0        0x0
 .vfp11_veneer  0x080045f0        0x0 linker stubs

.v4_bx          0x080045f0        0x0
 .v4_bx         0x080045f0        0x0 linker stubs

.iplt           0x080045f0        0x0
 .iplt          0x080045f0        0x0 c:/users/grant/.p2/pool/plugins/fr.ac6.mcu.externaltools.arm-none.win32_1.17.0.201812190825/tools/compiler/bin/../lib/gcc/arm-none-eabi/7.3.1/thumb/v7e-m/fpv4-sp/hard/crtbegin.o

.rodata         0x080045f0       0x1c
                0x080045f0                . = ALIGN (0x4)
 *(.rodata)
 .rodata        0x080045f0       0x18 Src/system_stm32f4xx.o
                0x080045f0                AHBPrescTable
                0x08004600                APBPrescTable
 *(.rodata*)
 .rodata.str1.4
                0x08004608        0x4 Middlewares/ST/STM32_USB_Host_Library/Class/CDC/Src/usbh_cdc.o
                0x0800460c                . = ALIGN (0x4)

.ARM.extab
 *(.ARM.extab* .gnu.linkonce.armextab.*)

.ARM            0x0800460c        0x8
                0x0800460c                __exidx_start = .
 *(.ARM.exidx*)
 .ARM.exidx     0x0800460c        0x8 c:/users/grant/.p2/pool/plugins/fr.ac6.mcu.externaltools.arm-none.win32_1.17.0.201812190825/tools/compiler/bin/../lib/gcc/arm-none-eabi/7.3.1/thumb/v7e-m/fpv4-sp/hard\libgcc.a(_udivmoddi4.o)
                0x08004614                __exidx_end = .

.rel.dyn        0x08004614        0x0
 .rel.iplt      0x08004614        0x0 c:/users/grant/.p2/pool/plugins/fr.ac6.mcu.externaltools.arm-none.win32_1.17.0.201812190825/tools/compiler/bin/../lib/gcc/arm-none-eabi/7.3.1/thumb/v7e-m/fpv4-sp/hard/crtbegin.o

.preinit_array  0x08004614        0x0
                0x08004614                PROVIDE (__preinit_array_start = .)
 *(.preinit_array*)
                0x08004614                PROVIDE (__preinit_array_end = .)

.init_array     0x08004614        0x4
                0x08004614                PROVIDE (__init_array_start = .)
 *(SORT_BY_NAME(.init_array.*))
 *(.init_array*)
 .init_array    0x08004614        0x4 c:/users/grant/.p2/pool/plugins/fr.ac6.mcu.externaltools.arm-none.win32_1.17.0.201812190825/tools/compiler/bin/../lib/gcc/arm-none-eabi/7.3.1/thumb/v7e-m/fpv4-sp/hard/crtbegin.o
                0x08004618                PROVIDE (__init_array_end = .)

.fini_array     0x08004618        0x4
                [!provide]                PROVIDE (__fini_array_start = .)
 *(SORT_BY_NAME(.fini_array.*))
 *(.fini_array*)
 .fini_array    0x08004618        0x4 c:/users/grant/.p2/pool/plugins/fr.ac6.mcu.externaltools.arm-none.win32_1.17.0.201812190825/tools/compiler/bin/../lib/gcc/arm-none-eabi/7.3.1/thumb/v7e-m/fpv4-sp/hard/crtbegin.o
                [!provide]                PROVIDE (__fini_array_end = .)
                0x0800461c                _sidata = LOADADDR (.data)

.data           0x20000000       0x90 load address 0x0800461c
                0x20000000                . = ALIGN (0x4)
                0x20000000                _sdata = .
 *(.data)
 .data          0x20000000        0x8 Drivers/STM32F4xx_HAL_Driver/Src/stm32f4xx_hal.o
                0x20000000                uwTickFreq
                0x20000004                uwTickPrio
 .data          0x20000008       0x20 Middlewares/ST/STM32_USB_Host_Library/Class/CDC/Src/usbh_cdc.o
                0x20000008                CDC_Class
 .data          0x20000028        0x4 Src/system_stm32f4xx.o
                0x20000028                SystemCoreClock
 *(.data*)
 .data._impure_ptr
                0x2000002c        0x4 c:/users/grant/.p2/pool/plugins/fr.ac6.mcu.externaltools.arm-none.win32_1.17.0.201812190825/tools/compiler/bin/../lib/gcc/arm-none-eabi/7.3.1/../../../../arm-none-eabi/lib/thumb/v7e-m/fpv4-sp/hard\libc_nano.a(lib_a-impure.o)
                0x2000002c                _impure_ptr
 .data.impure_data
                0x20000030       0x60 c:/users/grant/.p2/pool/plugins/fr.ac6.mcu.externaltools.arm-none.win32_1.17.0.201812190825/tools/compiler/bin/../lib/gcc/arm-none-eabi/7.3.1/../../../../arm-none-eabi/lib/thumb/v7e-m/fpv4-sp/hard\libc_nano.a(lib_a-impure.o)
                0x20000090                . = ALIGN (0x4)
                0x20000090                _edata = .
                0x080046ac                _siccmram = LOADADDR (.ccmram)

.igot.plt       0x20000090        0x0 load address 0x080046ac
 .igot.plt      0x20000090        0x0 c:/users/grant/.p2/pool/plugins/fr.ac6.mcu.externaltools.arm-none.win32_1.17.0.201812190825/tools/compiler/bin/../lib/gcc/arm-none-eabi/7.3.1/thumb/v7e-m/fpv4-sp/hard/crtbegin.o

.ccmram         0x10000000        0x0 load address 0x080046ac
                0x10000000                . = ALIGN (0x4)
                0x10000000                _sccmram = .
 *(.ccmram)
 *(.ccmram*)
                0x10000000                . = ALIGN (0x4)
                0x10000000                _eccmram = .
                0x10000000                . = ALIGN (0x4)

.bss            0x20000090      0x7c0
                0x20000090                _sbss = .
                0x20000090                __bss_start__ = _sbss
 *(.bss)
 .bss           0x20000090       0x1c c:/users/grant/.p2/pool/plugins/fr.ac6.mcu.externaltools.arm-none.win32_1.17.0.201812190825/tools/compiler/bin/../lib/gcc/arm-none-eabi/7.3.1/thumb/v7e-m/fpv4-sp/hard/crtbegin.o
 .bss           0x200000ac        0x4 Drivers/STM32F4xx_HAL_Driver/Src/stm32f4xx_ll_usb.o
 .bss           0x200000b0        0x8 Src/syscalls.o
                0x200000b4                __env
 .bss           0x200000b8        0x1 Src/usb_host.o
                0x200000b8                Appli_state
 *(.bss*)
 *fill*         0x200000b9        0x3 
 .bss.__malloc_free_list
                0x200000bc        0x4 c:/users/grant/.p2/pool/plugins/fr.ac6.mcu.externaltools.arm-none.win32_1.17.0.201812190825/tools/compiler/bin/../lib/gcc/arm-none-eabi/7.3.1/../../../../arm-none-eabi/lib/thumb/v7e-m/fpv4-sp/hard\libc_nano.a(lib_a-nano-mallocr.o)
                0x200000bc                __malloc_free_list
 .bss.__malloc_sbrk_start
                0x200000c0        0x4 c:/users/grant/.p2/pool/plugins/fr.ac6.mcu.externaltools.arm-none.win32_1.17.0.201812190825/tools/compiler/bin/../lib/gcc/arm-none-eabi/7.3.1/../../../../arm-none-eabi/lib/thumb/v7e-m/fpv4-sp/hard\libc_nano.a(lib_a-nano-mallocr.o)
                0x200000c0                __malloc_sbrk_start
 *(COMMON)
 COMMON         0x200000c4        0x4 Drivers/STM32F4xx_HAL_Driver/Src/stm32f4xx_hal.o
                0x200000c4                uwTick
 COMMON         0x200000c8       0xf4 Src/main.o
                0x200000c8                hi2c1
                0x2000011c                hspi1
                0x20000174                hi2s3
 COMMON         0x200001bc      0x3cc Src/usb_host.o
                0x200001bc                hUsbHostFS
 COMMON         0x20000588      0x2c4 Src/usbh_conf.o
                0x20000588                hhcd_USB_OTG_FS
 COMMON         0x2000084c        0x4 c:/users/grant/.p2/pool/plugins/fr.ac6.mcu.externaltools.arm-none.win32_1.17.0.201812190825/tools/compiler/bin/../lib/gcc/arm-none-eabi/7.3.1/../../../../arm-none-eabi/lib/thumb/v7e-m/fpv4-sp/hard\libc_nano.a(lib_a-reent.o)
                0x2000084c                errno
                0x20000850                . = ALIGN (0x4)
                0x20000850                _ebss = .
                0x20000850                __bss_end__ = _ebss

._user_heap_stack
                0x20000850      0x600
                0x20000850                . = ALIGN (0x8)
                0x20000850                PROVIDE (end = .)
                [!provide]                PROVIDE (_end = .)
                0x20000a50                . = (. + _Min_Heap_Size)
 *fill*         0x20000850      0x200 
                0x20000e50                . = (. + _Min_Stack_Size)
 *fill*         0x20000a50      0x400 
                0x20000e50                . = ALIGN (0x8)

/DISCARD/
 libc.a(*)
 libm.a(*)
 libgcc.a(*)

.ARM.attributes
                0x00000000       0x30
 *(.ARM.attributes)
 .ARM.attributes
                0x00000000       0x22 c:/users/grant/.p2/pool/plugins/fr.ac6.mcu.externaltools.arm-none.win32_1.17.0.201812190825/tools/compiler/bin/../lib/gcc/arm-none-eabi/7.3.1/thumb/v7e-m/fpv4-sp/hard/crti.o
 .ARM.attributes
                0x00000022       0x34 c:/users/grant/.p2/pool/plugins/fr.ac6.mcu.externaltools.arm-none.win32_1.17.0.201812190825/tools/compiler/bin/../lib/gcc/arm-none-eabi/7.3.1/thumb/v7e-m/fpv4-sp/hard/crtbegin.o
 .ARM.attributes
                0x00000056       0x39 Drivers/STM32F4xx_HAL_Driver/Src/stm32f4xx_hal.o
 .ARM.attributes
                0x0000008f       0x39 Drivers/STM32F4xx_HAL_Driver/Src/stm32f4xx_hal_cortex.o
 .ARM.attributes
                0x000000c8       0x39 Drivers/STM32F4xx_HAL_Driver/Src/stm32f4xx_hal_gpio.o
 .ARM.attributes
                0x00000101       0x39 Drivers/STM32F4xx_HAL_Driver/Src/stm32f4xx_hal_hcd.o
 .ARM.attributes
                0x0000013a       0x39 Drivers/STM32F4xx_HAL_Driver/Src/stm32f4xx_hal_i2c.o
 .ARM.attributes
                0x00000173       0x39 Drivers/STM32F4xx_HAL_Driver/Src/stm32f4xx_hal_i2s.o
 .ARM.attributes
                0x000001ac       0x39 Drivers/STM32F4xx_HAL_Driver/Src/stm32f4xx_hal_i2s_ex.o
 .ARM.attributes
                0x000001e5       0x39 Drivers/STM32F4xx_HAL_Driver/Src/stm32f4xx_hal_rcc.o
 .ARM.attributes
                0x0000021e       0x39 Drivers/STM32F4xx_HAL_Driver/Src/stm32f4xx_hal_rcc_ex.o
 .ARM.attributes
                0x00000257       0x39 Drivers/STM32F4xx_HAL_Driver/Src/stm32f4xx_hal_spi.o
 .ARM.attributes
                0x00000290       0x39 Drivers/STM32F4xx_HAL_Driver/Src/stm32f4xx_ll_usb.o
 .ARM.attributes
                0x000002c9       0x39 Middlewares/ST/STM32_USB_Host_Library/Class/CDC/Src/usbh_cdc.o
 .ARM.attributes
                0x00000302       0x39 Middlewares/ST/STM32_USB_Host_Library/Core/Src/usbh_core.o
 .ARM.attributes
                0x0000033b       0x39 Middlewares/ST/STM32_USB_Host_Library/Core/Src/usbh_ctlreq.o
 .ARM.attributes
                0x00000374       0x39 Middlewares/ST/STM32_USB_Host_Library/Core/Src/usbh_ioreq.o
 .ARM.attributes
                0x000003ad       0x39 Middlewares/ST/STM32_USB_Host_Library/Core/Src/usbh_pipes.o
 .ARM.attributes
                0x000003e6       0x39 Src/main.o
 .ARM.attributes
                0x0000041f       0x39 Src/stm32f4xx_hal_msp.o
 .ARM.attributes
                0x00000458       0x39 Src/stm32f4xx_it.o
 .ARM.attributes
                0x00000491       0x39 Src/syscalls.o
 .ARM.attributes
                0x000004ca       0x39 Src/system_stm32f4xx.o
 .ARM.attributes
                0x00000503       0x39 Src/usb_host.o
 .ARM.attributes
                0x0000053c       0x39 Src/usbh_conf.o
 .ARM.attributes
                0x00000575       0x39 Src/usbh_platform.o
 .ARM.attributes
                0x000005ae       0x21 startup/startup_stm32f407xx.o
 .ARM.attributes
                0x000005cf       0x22 c:/users/grant/.p2/pool/plugins/fr.ac6.mcu.externaltools.arm-none.win32_1.17.0.201812190825/tools/compiler/bin/../lib/gcc/arm-none-eabi/7.3.1/thumb/v7e-m/fpv4-sp/hard\libgcc.a(_aeabi_uldivmod.o)
 .ARM.attributes
                0x000005f1       0x34 c:/users/grant/.p2/pool/plugins/fr.ac6.mcu.externaltools.arm-none.win32_1.17.0.201812190825/tools/compiler/bin/../lib/gcc/arm-none-eabi/7.3.1/thumb/v7e-m/fpv4-sp/hard\libgcc.a(_udivmoddi4.o)
 .ARM.attributes
                0x00000625       0x22 c:/users/grant/.p2/pool/plugins/fr.ac6.mcu.externaltools.arm-none.win32_1.17.0.201812190825/tools/compiler/bin/../lib/gcc/arm-none-eabi/7.3.1/thumb/v7e-m/fpv4-sp/hard\libgcc.a(_dvmd_tls.o)
 .ARM.attributes
                0x00000647       0x34 c:/users/grant/.p2/pool/plugins/fr.ac6.mcu.externaltools.arm-none.win32_1.17.0.201812190825/tools/compiler/bin/../lib/gcc/arm-none-eabi/7.3.1/../../../../arm-none-eabi/lib/thumb/v7e-m/fpv4-sp/hard\libc_nano.a(lib_a-errno.o)
 .ARM.attributes
                0x0000067b       0x34 c:/users/grant/.p2/pool/plugins/fr.ac6.mcu.externaltools.arm-none.win32_1.17.0.201812190825/tools/compiler/bin/../lib/gcc/arm-none-eabi/7.3.1/../../../../arm-none-eabi/lib/thumb/v7e-m/fpv4-sp/hard\libc_nano.a(lib_a-impure.o)
 .ARM.attributes
                0x000006af       0x34 c:/users/grant/.p2/pool/plugins/fr.ac6.mcu.externaltools.arm-none.win32_1.17.0.201812190825/tools/compiler/bin/../lib/gcc/arm-none-eabi/7.3.1/../../../../arm-none-eabi/lib/thumb/v7e-m/fpv4-sp/hard\libc_nano.a(lib_a-init.o)
 .ARM.attributes
                0x000006e3       0x34 c:/users/grant/.p2/pool/plugins/fr.ac6.mcu.externaltools.arm-none.win32_1.17.0.201812190825/tools/compiler/bin/../lib/gcc/arm-none-eabi/7.3.1/../../../../arm-none-eabi/lib/thumb/v7e-m/fpv4-sp/hard\libc_nano.a(lib_a-malloc.o)
 .ARM.attributes
                0x00000717       0x34 c:/users/grant/.p2/pool/plugins/fr.ac6.mcu.externaltools.arm-none.win32_1.17.0.201812190825/tools/compiler/bin/../lib/gcc/arm-none-eabi/7.3.1/../../../../arm-none-eabi/lib/thumb/v7e-m/fpv4-sp/hard\libc_nano.a(lib_a-memset.o)
 .ARM.attributes
                0x0000074b       0x34 c:/users/grant/.p2/pool/plugins/fr.ac6.mcu.externaltools.arm-none.win32_1.17.0.201812190825/tools/compiler/bin/../lib/gcc/arm-none-eabi/7.3.1/../../../../arm-none-eabi/lib/thumb/v7e-m/fpv4-sp/hard\libc_nano.a(lib_a-nano-freer.o)
 .ARM.attributes
                0x0000077f       0x34 c:/users/grant/.p2/pool/plugins/fr.ac6.mcu.externaltools.arm-none.win32_1.17.0.201812190825/tools/compiler/bin/../lib/gcc/arm-none-eabi/7.3.1/../../../../arm-none-eabi/lib/thumb/v7e-m/fpv4-sp/hard\libc_nano.a(lib_a-nano-mallocr.o)
 .ARM.attributes
                0x000007b3       0x34 c:/users/grant/.p2/pool/plugins/fr.ac6.mcu.externaltools.arm-none.win32_1.17.0.201812190825/tools/compiler/bin/../lib/gcc/arm-none-eabi/7.3.1/../../../../arm-none-eabi/lib/thumb/v7e-m/fpv4-sp/hard\libc_nano.a(lib_a-sbrkr.o)
 .ARM.attributes
                0x000007e7       0x34 c:/users/grant/.p2/pool/plugins/fr.ac6.mcu.externaltools.arm-none.win32_1.17.0.201812190825/tools/compiler/bin/../lib/gcc/arm-none-eabi/7.3.1/../../../../arm-none-eabi/lib/thumb/v7e-m/fpv4-sp/hard\libc_nano.a(lib_a-mlock.o)
 .ARM.attributes
                0x0000081b       0x34 c:/users/grant/.p2/pool/plugins/fr.ac6.mcu.externaltools.arm-none.win32_1.17.0.201812190825/tools/compiler/bin/../lib/gcc/arm-none-eabi/7.3.1/../../../../arm-none-eabi/lib/thumb/v7e-m/fpv4-sp/hard\libc_nano.a(lib_a-reent.o)
 .ARM.attributes
                0x0000084f       0x22 c:/users/grant/.p2/pool/plugins/fr.ac6.mcu.externaltools.arm-none.win32_1.17.0.201812190825/tools/compiler/bin/../lib/gcc/arm-none-eabi/7.3.1/thumb/v7e-m/fpv4-sp/hard/crtn.o
OUTPUT(LED_Blink.elf elf32-littlearm)

.debug_info     0x00000000    0x1c1b6
 .debug_info    0x00000000      0x9cc Drivers/STM32F4xx_HAL_Driver/Src/stm32f4xx_hal.o
 .debug_info    0x000009cc      0xf3a Drivers/STM32F4xx_HAL_Driver/Src/stm32f4xx_hal_cortex.o
 .debug_info    0x00001906      0x770 Drivers/STM32F4xx_HAL_Driver/Src/stm32f4xx_hal_gpio.o
 .debug_info    0x00002076     0x1276 Drivers/STM32F4xx_HAL_Driver/Src/stm32f4xx_hal_hcd.o
 .debug_info    0x000032ec     0x327d Drivers/STM32F4xx_HAL_Driver/Src/stm32f4xx_hal_i2c.o
 .debug_info    0x00006569      0xf8d Drivers/STM32F4xx_HAL_Driver/Src/stm32f4xx_hal_i2s.o
 .debug_info    0x000074f6      0xd99 Drivers/STM32F4xx_HAL_Driver/Src/stm32f4xx_hal_i2s_ex.o
 .debug_info    0x0000828f      0xa39 Drivers/STM32F4xx_HAL_Driver/Src/stm32f4xx_hal_rcc.o
 .debug_info    0x00008cc8      0x669 Drivers/STM32F4xx_HAL_Driver/Src/stm32f4xx_hal_rcc_ex.o
 .debug_info    0x00009331     0x1ba9 Drivers/STM32F4xx_HAL_Driver/Src/stm32f4xx_hal_spi.o
 .debug_info    0x0000aeda     0x1b1d Drivers/STM32F4xx_HAL_Driver/Src/stm32f4xx_ll_usb.o
 .debug_info    0x0000c9f7     0x1e41 Middlewares/ST/STM32_USB_Host_Library/Class/CDC/Src/usbh_cdc.o
 .debug_info    0x0000e838     0x1b6e Middlewares/ST/STM32_USB_Host_Library/Core/Src/usbh_core.o
 .debug_info    0x000103a6     0x1a33 Middlewares/ST/STM32_USB_Host_Library/Core/Src/usbh_ctlreq.o
 .debug_info    0x00011dd9     0x1661 Middlewares/ST/STM32_USB_Host_Library/Core/Src/usbh_ioreq.o
 .debug_info    0x0001343a     0x1309 Middlewares/ST/STM32_USB_Host_Library/Core/Src/usbh_pipes.o
 .debug_info    0x00014743     0x1522 Src/main.o
 .debug_info    0x00015c65      0xfd8 Src/stm32f4xx_hal_msp.o
 .debug_info    0x00016c3d      0x694 Src/stm32f4xx_it.o
 .debug_info    0x000172d1      0xfd3 Src/syscalls.o
 .debug_info    0x000182a4      0x507 Src/system_stm32f4xx.o
 .debug_info    0x000187ab     0x12ab Src/usb_host.o
 .debug_info    0x00019a56     0x24ed Src/usbh_conf.o
 .debug_info    0x0001bf43      0x251 Src/usbh_platform.o
 .debug_info    0x0001c194       0x22 startup/startup_stm32f407xx.o

.debug_abbrev   0x00000000     0x3a15
 .debug_abbrev  0x00000000      0x1f1 Drivers/STM32F4xx_HAL_Driver/Src/stm32f4xx_hal.o
 .debug_abbrev  0x000001f1      0x328 Drivers/STM32F4xx_HAL_Driver/Src/stm32f4xx_hal_cortex.o
 .debug_abbrev  0x00000519      0x1e7 Drivers/STM32F4xx_HAL_Driver/Src/stm32f4xx_hal_gpio.o
 .debug_abbrev  0x00000700      0x27f Drivers/STM32F4xx_HAL_Driver/Src/stm32f4xx_hal_hcd.o
 .debug_abbrev  0x0000097f      0x284 Drivers/STM32F4xx_HAL_Driver/Src/stm32f4xx_hal_i2c.o
 .debug_abbrev  0x00000c03      0x23a Drivers/STM32F4xx_HAL_Driver/Src/stm32f4xx_hal_i2s.o
 .debug_abbrev  0x00000e3d      0x281 Drivers/STM32F4xx_HAL_Driver/Src/stm32f4xx_hal_i2s_ex.o
 .debug_abbrev  0x000010be      0x273 Drivers/STM32F4xx_HAL_Driver/Src/stm32f4xx_hal_rcc.o
 .debug_abbrev  0x00001331      0x190 Drivers/STM32F4xx_HAL_Driver/Src/stm32f4xx_hal_rcc_ex.o
 .debug_abbrev  0x000014c1      0x249 Drivers/STM32F4xx_HAL_Driver/Src/stm32f4xx_hal_spi.o
 .debug_abbrev  0x0000170a      0x2a8 Drivers/STM32F4xx_HAL_Driver/Src/stm32f4xx_ll_usb.o
 .debug_abbrev  0x000019b2      0x346 Middlewares/ST/STM32_USB_Host_Library/Class/CDC/Src/usbh_cdc.o
 .debug_abbrev  0x00001cf8      0x371 Middlewares/ST/STM32_USB_Host_Library/Core/Src/usbh_core.o
 .debug_abbrev  0x00002069      0x35d Middlewares/ST/STM32_USB_Host_Library/Core/Src/usbh_ctlreq.o
 .debug_abbrev  0x000023c6      0x281 Middlewares/ST/STM32_USB_Host_Library/Core/Src/usbh_ioreq.o
 .debug_abbrev  0x00002647      0x2bb Middlewares/ST/STM32_USB_Host_Library/Core/Src/usbh_pipes.o
 .debug_abbrev  0x00002902      0x253 Src/main.o
 .debug_abbrev  0x00002b55      0x1da Src/stm32f4xx_hal_msp.o
 .debug_abbrev  0x00002d2f      0x182 Src/stm32f4xx_it.o
 .debug_abbrev  0x00002eb1      0x2d4 Src/syscalls.o
 .debug_abbrev  0x00003185      0x111 Src/system_stm32f4xx.o
 .debug_abbrev  0x00003296      0x2b5 Src/usb_host.o
 .debug_abbrev  0x0000354b      0x38a Src/usbh_conf.o
 .debug_abbrev  0x000038d5      0x12e Src/usbh_platform.o
 .debug_abbrev  0x00003a03       0x12 startup/startup_stm32f407xx.o

.debug_loc      0x00000000     0xd18e
 .debug_loc     0x00000000       0xfd Drivers/STM32F4xx_HAL_Driver/Src/stm32f4xx_hal.o
 .debug_loc     0x000000fd      0x5ce Drivers/STM32F4xx_HAL_Driver/Src/stm32f4xx_hal_cortex.o
 .debug_loc     0x000006cb      0x497 Drivers/STM32F4xx_HAL_Driver/Src/stm32f4xx_hal_gpio.o
 .debug_loc     0x00000b62      0xba8 Drivers/STM32F4xx_HAL_Driver/Src/stm32f4xx_hal_hcd.o
 .debug_loc     0x0000170a     0x3673 Drivers/STM32F4xx_HAL_Driver/Src/stm32f4xx_hal_i2c.o
 .debug_loc     0x00004d7d      0xc17 Drivers/STM32F4xx_HAL_Driver/Src/stm32f4xx_hal_i2s.o
 .debug_loc     0x00005994      0xa81 Drivers/STM32F4xx_HAL_Driver/Src/stm32f4xx_hal_i2s_ex.o
 .debug_loc     0x00006415      0x3f1 Drivers/STM32F4xx_HAL_Driver/Src/stm32f4xx_hal_rcc.o
 .debug_loc     0x00006806      0x2c7 Drivers/STM32F4xx_HAL_Driver/Src/stm32f4xx_hal_rcc_ex.o
 .debug_loc     0x00006acd     0x19fe Drivers/STM32F4xx_HAL_Driver/Src/stm32f4xx_hal_spi.o
 .debug_loc     0x000084cb     0x1e4e Drivers/STM32F4xx_HAL_Driver/Src/stm32f4xx_ll_usb.o
 .debug_loc     0x0000a319      0x642 Middlewares/ST/STM32_USB_Host_Library/Class/CDC/Src/usbh_cdc.o
 .debug_loc     0x0000a95b      0x66c Middlewares/ST/STM32_USB_Host_Library/Core/Src/usbh_core.o
 .debug_loc     0x0000afc7      0xbf1 Middlewares/ST/STM32_USB_Host_Library/Core/Src/usbh_ctlreq.o
 .debug_loc     0x0000bbb8      0x50f Middlewares/ST/STM32_USB_Host_Library/Core/Src/usbh_ioreq.o
 .debug_loc     0x0000c0c7      0x1be Middlewares/ST/STM32_USB_Host_Library/Core/Src/usbh_pipes.o
 .debug_loc     0x0000c285       0x54 Src/main.o
 .debug_loc     0x0000c2d9      0x15c Src/stm32f4xx_hal_msp.o
 .debug_loc     0x0000c435      0x3af Src/syscalls.o
 .debug_loc     0x0000c7e4      0x13e Src/system_stm32f4xx.o
 .debug_loc     0x0000c922      0x817 Src/usbh_conf.o
 .debug_loc     0x0000d139       0x55 Src/usbh_platform.o

.debug_aranges  0x00000000     0x1110
 .debug_aranges
                0x00000000       0xf0 Drivers/STM32F4xx_HAL_Driver/Src/stm32f4xx_hal.o
 .debug_aranges
                0x000000f0       0xa8 Drivers/STM32F4xx_HAL_Driver/Src/stm32f4xx_hal_cortex.o
 .debug_aranges
                0x00000198       0x58 Drivers/STM32F4xx_HAL_Driver/Src/stm32f4xx_hal_gpio.o
 .debug_aranges
                0x000001f0       0xf0 Drivers/STM32F4xx_HAL_Driver/Src/stm32f4xx_hal_hcd.o
 .debug_aranges
                0x000002e0      0x290 Drivers/STM32F4xx_HAL_Driver/Src/stm32f4xx_hal_i2c.o
 .debug_aranges
                0x00000570      0x108 Drivers/STM32F4xx_HAL_Driver/Src/stm32f4xx_hal_i2s.o
 .debug_aranges
                0x00000678       0x88 Drivers/STM32F4xx_HAL_Driver/Src/stm32f4xx_hal_i2s_ex.o
 .debug_aranges
                0x00000700       0x88 Drivers/STM32F4xx_HAL_Driver/Src/stm32f4xx_hal_rcc.o
 .debug_aranges
                0x00000788       0x48 Drivers/STM32F4xx_HAL_Driver/Src/stm32f4xx_hal_rcc_ex.o
 .debug_aranges
                0x000007d0      0x1d0 Drivers/STM32F4xx_HAL_Driver/Src/stm32f4xx_hal_spi.o
 .debug_aranges
                0x000009a0      0x198 Drivers/STM32F4xx_HAL_Driver/Src/stm32f4xx_ll_usb.o
 .debug_aranges
                0x00000b38       0xa8 Middlewares/ST/STM32_USB_Host_Library/Class/CDC/Src/usbh_cdc.o
 .debug_aranges
                0x00000be0       0xc0 Middlewares/ST/STM32_USB_Host_Library/Core/Src/usbh_core.o
 .debug_aranges
                0x00000ca0       0xa0 Middlewares/ST/STM32_USB_Host_Library/Core/Src/usbh_ctlreq.o
 .debug_aranges
                0x00000d40       0x60 Middlewares/ST/STM32_USB_Host_Library/Core/Src/usbh_ioreq.o
 .debug_aranges
                0x00000da0       0x40 Middlewares/ST/STM32_USB_Host_Library/Core/Src/usbh_pipes.o
 .debug_aranges
                0x00000de0       0x50 Src/main.o
 .debug_aranges
                0x00000e30       0x50 Src/stm32f4xx_hal_msp.o
 .debug_aranges
                0x00000e80       0x68 Src/stm32f4xx_it.o
 .debug_aranges
                0x00000ee8       0xb0 Src/syscalls.o
 .debug_aranges
                0x00000f98       0x28 Src/system_stm32f4xx.o
 .debug_aranges
                0x00000fc0       0x30 Src/usb_host.o
 .debug_aranges
                0x00000ff0       0xd8 Src/usbh_conf.o
 .debug_aranges
                0x000010c8       0x20 Src/usbh_platform.o
 .debug_aranges
                0x000010e8       0x28 startup/startup_stm32f407xx.o

.debug_ranges   0x00000000     0x1030
 .debug_ranges  0x00000000       0xe0 Drivers/STM32F4xx_HAL_Driver/Src/stm32f4xx_hal.o
 .debug_ranges  0x000000e0       0xf8 Drivers/STM32F4xx_HAL_Driver/Src/stm32f4xx_hal_cortex.o
 .debug_ranges  0x000001d8       0x48 Drivers/STM32F4xx_HAL_Driver/Src/stm32f4xx_hal_gpio.o
 .debug_ranges  0x00000220       0xe0 Drivers/STM32F4xx_HAL_Driver/Src/stm32f4xx_hal_hcd.o
 .debug_ranges  0x00000300      0x298 Drivers/STM32F4xx_HAL_Driver/Src/stm32f4xx_hal_i2c.o
 .debug_ranges  0x00000598       0xf8 Drivers/STM32F4xx_HAL_Driver/Src/stm32f4xx_hal_i2s.o
 .debug_ranges  0x00000690       0x90 Drivers/STM32F4xx_HAL_Driver/Src/stm32f4xx_hal_i2s_ex.o
 .debug_ranges  0x00000720       0x90 Drivers/STM32F4xx_HAL_Driver/Src/stm32f4xx_hal_rcc.o
 .debug_ranges  0x000007b0       0x38 Drivers/STM32F4xx_HAL_Driver/Src/stm32f4xx_hal_rcc_ex.o
 .debug_ranges  0x000007e8      0x1c0 Drivers/STM32F4xx_HAL_Driver/Src/stm32f4xx_hal_spi.o
 .debug_ranges  0x000009a8      0x188 Drivers/STM32F4xx_HAL_Driver/Src/stm32f4xx_ll_usb.o
 .debug_ranges  0x00000b30       0x98 Middlewares/ST/STM32_USB_Host_Library/Class/CDC/Src/usbh_cdc.o
 .debug_ranges  0x00000bc8       0xb0 Middlewares/ST/STM32_USB_Host_Library/Core/Src/usbh_core.o
 .debug_ranges  0x00000c78       0x90 Middlewares/ST/STM32_USB_Host_Library/Core/Src/usbh_ctlreq.o
 .debug_ranges  0x00000d08       0x50 Middlewares/ST/STM32_USB_Host_Library/Core/Src/usbh_ioreq.o
 .debug_ranges  0x00000d58       0x30 Middlewares/ST/STM32_USB_Host_Library/Core/Src/usbh_pipes.o
 .debug_ranges  0x00000d88       0x40 Src/main.o
 .debug_ranges  0x00000dc8       0x40 Src/stm32f4xx_hal_msp.o
 .debug_ranges  0x00000e08       0x58 Src/stm32f4xx_it.o
 .debug_ranges  0x00000e60       0xa0 Src/syscalls.o
 .debug_ranges  0x00000f00       0x18 Src/system_stm32f4xx.o
 .debug_ranges  0x00000f18       0x20 Src/usb_host.o
 .debug_ranges  0x00000f38       0xc8 Src/usbh_conf.o
 .debug_ranges  0x00001000       0x10 Src/usbh_platform.o
 .debug_ranges  0x00001010       0x20 startup/startup_stm32f407xx.o

.debug_macro    0x00000000    0x24701
 .debug_macro   0x00000000      0x266 Drivers/STM32F4xx_HAL_Driver/Src/stm32f4xx_hal.o
 .debug_macro   0x00000266      0xa60 Drivers/STM32F4xx_HAL_Driver/Src/stm32f4xx_hal.o
 .debug_macro   0x00000cc6      0x196 Drivers/STM32F4xx_HAL_Driver/Src/stm32f4xx_hal.o
 .debug_macro   0x00000e5c       0x32 Drivers/STM32F4xx_HAL_Driver/Src/stm32f4xx_hal.o
 .debug_macro   0x00000e8e       0x2f Drivers/STM32F4xx_HAL_Driver/Src/stm32f4xx_hal.o
 .debug_macro   0x00000ebd       0x22 Drivers/STM32F4xx_HAL_Driver/Src/stm32f4xx_hal.o
 .debug_macro   0x00000edf       0x8e Drivers/STM32F4xx_HAL_Driver/Src/stm32f4xx_hal.o
 .debug_macro   0x00000f6d       0x51 Drivers/STM32F4xx_HAL_Driver/Src/stm32f4xx_hal.o
 .debug_macro   0x00000fbe       0xef Drivers/STM32F4xx_HAL_Driver/Src/stm32f4xx_hal.o
 .debug_macro   0x000010ad       0x6a Drivers/STM32F4xx_HAL_Driver/Src/stm32f4xx_hal.o
 .debug_macro   0x00001117      0x1df Drivers/STM32F4xx_HAL_Driver/Src/stm32f4xx_hal.o
 .debug_macro   0x000012f6       0x1c Drivers/STM32F4xx_HAL_Driver/Src/stm32f4xx_hal.o
 .debug_macro   0x00001312       0x22 Drivers/STM32F4xx_HAL_Driver/Src/stm32f4xx_hal.o
 .debug_macro   0x00001334       0xdf Drivers/STM32F4xx_HAL_Driver/Src/stm32f4xx_hal.o
 .debug_macro   0x00001413     0x102d Drivers/STM32F4xx_HAL_Driver/Src/stm32f4xx_hal.o
 .debug_macro   0x00002440      0x11f Drivers/STM32F4xx_HAL_Driver/Src/stm32f4xx_hal.o
 .debug_macro   0x0000255f    0x15e43 Drivers/STM32F4xx_HAL_Driver/Src/stm32f4xx_hal.o
 .debug_macro   0x000183a2       0x43 Drivers/STM32F4xx_HAL_Driver/Src/stm32f4xx_hal.o
 .debug_macro   0x000183e5     0x35d4 Drivers/STM32F4xx_HAL_Driver/Src/stm32f4xx_hal.o
 .debug_macro   0x0001b9b9      0x174 Drivers/STM32F4xx_HAL_Driver/Src/stm32f4xx_hal.o
 .debug_macro   0x0001bb2d       0x4e Drivers/STM32F4xx_HAL_Driver/Src/stm32f4xx_hal.o
 .debug_macro   0x0001bb7b      0x96b Drivers/STM32F4xx_HAL_Driver/Src/stm32f4xx_hal.o
 .debug_macro   0x0001c4e6      0x9fe Drivers/STM32F4xx_HAL_Driver/Src/stm32f4xx_hal.o
 .debug_macro   0x0001cee4       0xed Drivers/STM32F4xx_HAL_Driver/Src/stm32f4xx_hal.o
 .debug_macro   0x0001cfd1      0x117 Drivers/STM32F4xx_HAL_Driver/Src/stm32f4xx_hal.o
 .debug_macro   0x0001d0e8      0x13e Drivers/STM32F4xx_HAL_Driver/Src/stm32f4xx_hal.o
 .debug_macro   0x0001d226       0x27 Drivers/STM32F4xx_HAL_Driver/Src/stm32f4xx_hal.o
 .debug_macro   0x0001d24d      0x287 Drivers/STM32F4xx_HAL_Driver/Src/stm32f4xx_hal.o
 .debug_macro   0x0001d4d4       0x5f Drivers/STM32F4xx_HAL_Driver/Src/stm32f4xx_hal.o
 .debug_macro   0x0001d533      0x236 Drivers/STM32F4xx_HAL_Driver/Src/stm32f4xx_hal.o
 .debug_macro   0x0001d769      0x12c Drivers/STM32F4xx_HAL_Driver/Src/stm32f4xx_hal.o
 .debug_macro   0x0001d895      0x21e Drivers/STM32F4xx_HAL_Driver/Src/stm32f4xx_hal.o
 .debug_macro   0x0001dab3       0x2e Drivers/STM32F4xx_HAL_Driver/Src/stm32f4xx_hal.o
 .debug_macro   0x0001dae1      0x1ae Drivers/STM32F4xx_HAL_Driver/Src/stm32f4xx_hal.o
 .debug_macro   0x0001dc8f       0xd6 Drivers/STM32F4xx_HAL_Driver/Src/stm32f4xx_hal.o
 .debug_macro   0x0001dd65      0x199 Drivers/STM32F4xx_HAL_Driver/Src/stm32f4xx_hal.o
 .debug_macro   0x0001defe       0x40 Drivers/STM32F4xx_HAL_Driver/Src/stm32f4xx_hal.o
 .debug_macro   0x0001df3e       0x4a Drivers/STM32F4xx_HAL_Driver/Src/stm32f4xx_hal.o
 .debug_macro   0x0001df88      0x11a Drivers/STM32F4xx_HAL_Driver/Src/stm32f4xx_hal.o
 .debug_macro   0x0001e0a2       0x7e Drivers/STM32F4xx_HAL_Driver/Src/stm32f4xx_hal.o
 .debug_macro   0x0001e120       0x89 Drivers/STM32F4xx_HAL_Driver/Src/stm32f4xx_hal.o
 .debug_macro   0x0001e1a9      0x225 Drivers/STM32F4xx_HAL_Driver/Src/stm32f4xx_hal.o
 .debug_macro   0x0001e3ce      0x225 Drivers/STM32F4xx_HAL_Driver/Src/stm32f4xx_hal.o
 .debug_macro   0x0001e5f3       0x68 Drivers/STM32F4xx_HAL_Driver/Src/stm32f4xx_hal.o
 .debug_macro   0x0001e65b      0x12d Drivers/STM32F4xx_HAL_Driver/Src/stm32f4xx_hal.o
 .debug_macro   0x0001e788      0x206 Drivers/STM32F4xx_HAL_Driver/Src/stm32f4xx_hal_cortex.o
 .debug_macro   0x0001e98e      0x23c Drivers/STM32F4xx_HAL_Driver/Src/stm32f4xx_hal_gpio.o
 .debug_macro   0x0001ebca      0x206 Drivers/STM32F4xx_HAL_Driver/Src/stm32f4xx_hal_hcd.o
 .debug_macro   0x0001edd0      0x246 Drivers/STM32F4xx_HAL_Driver/Src/stm32f4xx_hal_i2c.o
 .debug_macro   0x0001f016      0x207 Drivers/STM32F4xx_HAL_Driver/Src/stm32f4xx_hal_i2s.o
 .debug_macro   0x0001f21d      0x206 Drivers/STM32F4xx_HAL_Driver/Src/stm32f4xx_hal_i2s_ex.o
 .debug_macro   0x0001f423      0x22a Drivers/STM32F4xx_HAL_Driver/Src/stm32f4xx_hal_rcc.o
 .debug_macro   0x0001f64d      0x206 Drivers/STM32F4xx_HAL_Driver/Src/stm32f4xx_hal_rcc_ex.o
 .debug_macro   0x0001f853      0x215 Drivers/STM32F4xx_HAL_Driver/Src/stm32f4xx_hal_spi.o
 .debug_macro   0x0001fa68      0x206 Drivers/STM32F4xx_HAL_Driver/Src/stm32f4xx_ll_usb.o
 .debug_macro   0x0001fc6e      0x426 Middlewares/ST/STM32_USB_Host_Library/Class/CDC/Src/usbh_cdc.o
 .debug_macro   0x00020094       0x58 Middlewares/ST/STM32_USB_Host_Library/Class/CDC/Src/usbh_cdc.o
 .debug_macro   0x000200ec       0x18 Middlewares/ST/STM32_USB_Host_Library/Class/CDC/Src/usbh_cdc.o
 .debug_macro   0x00020104       0x94 Middlewares/ST/STM32_USB_Host_Library/Class/CDC/Src/usbh_cdc.o
 .debug_macro   0x00020198       0x35 Middlewares/ST/STM32_USB_Host_Library/Class/CDC/Src/usbh_cdc.o
 .debug_macro   0x000201cd       0x34 Middlewares/ST/STM32_USB_Host_Library/Class/CDC/Src/usbh_cdc.o
 .debug_macro   0x00020201       0x16 Middlewares/ST/STM32_USB_Host_Library/Class/CDC/Src/usbh_cdc.o
 .debug_macro   0x00020217       0x57 Middlewares/ST/STM32_USB_Host_Library/Class/CDC/Src/usbh_cdc.o
 .debug_macro   0x0002026e       0x97 Middlewares/ST/STM32_USB_Host_Library/Class/CDC/Src/usbh_cdc.o
 .debug_macro   0x00020305      0x330 Middlewares/ST/STM32_USB_Host_Library/Class/CDC/Src/usbh_cdc.o
 .debug_macro   0x00020635       0xfd Middlewares/ST/STM32_USB_Host_Library/Class/CDC/Src/usbh_cdc.o
 .debug_macro   0x00020732       0x10 Middlewares/ST/STM32_USB_Host_Library/Class/CDC/Src/usbh_cdc.o
 .debug_macro   0x00020742       0x58 Middlewares/ST/STM32_USB_Host_Library/Class/CDC/Src/usbh_cdc.o
 .debug_macro   0x0002079a       0x1f Middlewares/ST/STM32_USB_Host_Library/Class/CDC/Src/usbh_cdc.o
 .debug_macro   0x000207b9       0x43 Middlewares/ST/STM32_USB_Host_Library/Class/CDC/Src/usbh_cdc.o
 .debug_macro   0x000207fc       0x20 Middlewares/ST/STM32_USB_Host_Library/Class/CDC/Src/usbh_cdc.o
 .debug_macro   0x0002081c      0x18e Middlewares/ST/STM32_USB_Host_Library/Class/CDC/Src/usbh_cdc.o
 .debug_macro   0x000209aa       0x10 Middlewares/ST/STM32_USB_Host_Library/Class/CDC/Src/usbh_cdc.o
 .debug_macro   0x000209ba       0x1c Middlewares/ST/STM32_USB_Host_Library/Class/CDC/Src/usbh_cdc.o
 .debug_macro   0x000209d6       0x52 Middlewares/ST/STM32_USB_Host_Library/Class/CDC/Src/usbh_cdc.o
 .debug_macro   0x00020a28       0x40 Middlewares/ST/STM32_USB_Host_Library/Class/CDC/Src/usbh_cdc.o
 .debug_macro   0x00020a68       0x10 Middlewares/ST/STM32_USB_Host_Library/Class/CDC/Src/usbh_cdc.o
 .debug_macro   0x00020a78       0x40 Middlewares/ST/STM32_USB_Host_Library/Class/CDC/Src/usbh_cdc.o
 .debug_macro   0x00020ab8       0xd7 Middlewares/ST/STM32_USB_Host_Library/Class/CDC/Src/usbh_cdc.o
 .debug_macro   0x00020b8f       0x1c Middlewares/ST/STM32_USB_Host_Library/Class/CDC/Src/usbh_cdc.o
 .debug_macro   0x00020bab       0x3d Middlewares/ST/STM32_USB_Host_Library/Class/CDC/Src/usbh_cdc.o
 .debug_macro   0x00020be8       0x16 Middlewares/ST/STM32_USB_Host_Library/Class/CDC/Src/usbh_cdc.o
 .debug_macro   0x00020bfe      0x16f Middlewares/ST/STM32_USB_Host_Library/Class/CDC/Src/usbh_cdc.o
 .debug_macro   0x00020d6d       0x16 Middlewares/ST/STM32_USB_Host_Library/Class/CDC/Src/usbh_cdc.o
 .debug_macro   0x00020d83       0x35 Middlewares/ST/STM32_USB_Host_Library/Class/CDC/Src/usbh_cdc.o
 .debug_macro   0x00020db8       0x16 Middlewares/ST/STM32_USB_Host_Library/Class/CDC/Src/usbh_cdc.o
 .debug_macro   0x00020dce       0x29 Middlewares/ST/STM32_USB_Host_Library/Class/CDC/Src/usbh_cdc.o
 .debug_macro   0x00020df7       0x16 Middlewares/ST/STM32_USB_Host_Library/Class/CDC/Src/usbh_cdc.o
 .debug_macro   0x00020e0d       0xd9 Middlewares/ST/STM32_USB_Host_Library/Class/CDC/Src/usbh_cdc.o
 .debug_macro   0x00020ee6      0x184 Middlewares/ST/STM32_USB_Host_Library/Class/CDC/Src/usbh_cdc.o
 .debug_macro   0x0002106a       0x73 Middlewares/ST/STM32_USB_Host_Library/Class/CDC/Src/usbh_cdc.o
 .debug_macro   0x000210dd      0x210 Middlewares/ST/STM32_USB_Host_Library/Class/CDC/Src/usbh_cdc.o
 .debug_macro   0x000212ed       0x2e Middlewares/ST/STM32_USB_Host_Library/Class/CDC/Src/usbh_cdc.o
 .debug_macro   0x0002131b       0x2e Middlewares/ST/STM32_USB_Host_Library/Class/CDC/Src/usbh_cdc.o
 .debug_macro   0x00021349       0x28 Middlewares/ST/STM32_USB_Host_Library/Class/CDC/Src/usbh_cdc.o
 .debug_macro   0x00021371      0x15c Middlewares/ST/STM32_USB_Host_Library/Class/CDC/Src/usbh_cdc.o
 .debug_macro   0x000214cd      0x423 Middlewares/ST/STM32_USB_Host_Library/Core/Src/usbh_core.o
 .debug_macro   0x000218f0      0x41b Middlewares/ST/STM32_USB_Host_Library/Core/Src/usbh_ctlreq.o
 .debug_macro   0x00021d0b       0x28 Middlewares/ST/STM32_USB_Host_Library/Core/Src/usbh_ctlreq.o
 .debug_macro   0x00021d33      0x415 Middlewares/ST/STM32_USB_Host_Library/Core/Src/usbh_ioreq.o
 .debug_macro   0x00022148      0x415 Middlewares/ST/STM32_USB_Host_Library/Core/Src/usbh_pipes.o
 .debug_macro   0x0002255d      0x21f Src/main.o
 .debug_macro   0x0002277c      0x215 Src/stm32f4xx_hal_msp.o
 .debug_macro   0x00022991      0x21f Src/stm32f4xx_it.o
 .debug_macro   0x00022bb0      0x243 Src/syscalls.o
 .debug_macro   0x00022df3       0x10 Src/syscalls.o
 .debug_macro   0x00022e03       0x10 Src/syscalls.o
 .debug_macro   0x00022e13       0x10 Src/syscalls.o
 .debug_macro   0x00022e23       0x35 Src/syscalls.o
 .debug_macro   0x00022e58      0x122 Src/syscalls.o
 .debug_macro   0x00022f7a       0x10 Src/syscalls.o
 .debug_macro   0x00022f8a      0x241 Src/syscalls.o
 .debug_macro   0x000231cb       0x1c Src/syscalls.o
 .debug_macro   0x000231e7       0x10 Src/syscalls.o
 .debug_macro   0x000231f7      0x189 Src/syscalls.o
 .debug_macro   0x00023380       0x16 Src/syscalls.o
 .debug_macro   0x00023396       0x88 Src/syscalls.o
 .debug_macro   0x0002341e      0x20c Src/system_stm32f4xx.o
 .debug_macro   0x0002362a      0x424 Src/usb_host.o
 .debug_macro   0x00023a4e       0x5e Src/usb_host.o
 .debug_macro   0x00023aac      0x32a Src/usb_host.o
 .debug_macro   0x00023dd6      0x18a Src/usb_host.o
 .debug_macro   0x00023f60      0x162 Src/usb_host.o
 .debug_macro   0x000240c2      0x425 Src/usbh_conf.o
 .debug_macro   0x000244e7      0x21a Src/usbh_platform.o

.debug_line     0x00000000    0x11a7a
 .debug_line    0x00000000      0x9dc Drivers/STM32F4xx_HAL_Driver/Src/stm32f4xx_hal.o
 .debug_line    0x000009dc      0xa32 Drivers/STM32F4xx_HAL_Driver/Src/stm32f4xx_hal_cortex.o
 .debug_line    0x0000140e      0x968 Drivers/STM32F4xx_HAL_Driver/Src/stm32f4xx_hal_gpio.o
 .debug_line    0x00001d76      0xc07 Drivers/STM32F4xx_HAL_Driver/Src/stm32f4xx_hal_hcd.o
 .debug_line    0x0000297d     0x1d0e Drivers/STM32F4xx_HAL_Driver/Src/stm32f4xx_hal_i2c.o
 .debug_line    0x0000468b      0xd8d Drivers/STM32F4xx_HAL_Driver/Src/stm32f4xx_hal_i2s.o
 .debug_line    0x00005418      0xdb8 Drivers/STM32F4xx_HAL_Driver/Src/stm32f4xx_hal_i2s_ex.o
 .debug_line    0x000061d0      0xa54 Drivers/STM32F4xx_HAL_Driver/Src/stm32f4xx_hal_rcc.o
 .debug_line    0x00006c24      0x8f8 Drivers/STM32F4xx_HAL_Driver/Src/stm32f4xx_hal_rcc_ex.o
 .debug_line    0x0000751c     0x1221 Drivers/STM32F4xx_HAL_Driver/Src/stm32f4xx_hal_spi.o
 .debug_line    0x0000873d      0xead Drivers/STM32F4xx_HAL_Driver/Src/stm32f4xx_ll_usb.o
 .debug_line    0x000095ea      0xd27 Middlewares/ST/STM32_USB_Host_Library/Class/CDC/Src/usbh_cdc.o
 .debug_line    0x0000a311      0xd34 Middlewares/ST/STM32_USB_Host_Library/Core/Src/usbh_core.o
 .debug_line    0x0000b045      0xd32 Middlewares/ST/STM32_USB_Host_Library/Core/Src/usbh_ctlreq.o
 .debug_line    0x0000bd77      0xaf2 Middlewares/ST/STM32_USB_Host_Library/Core/Src/usbh_ioreq.o
 .debug_line    0x0000c869      0xaa8 Middlewares/ST/STM32_USB_Host_Library/Core/Src/usbh_pipes.o
 .debug_line    0x0000d311      0x8ef Src/main.o
 .debug_line    0x0000dc00      0x88c Src/stm32f4xx_hal_msp.o
 .debug_line    0x0000e48c      0x87f Src/stm32f4xx_it.o
 .debug_line    0x0000ed0b      0x5d5 Src/syscalls.o
 .debug_line    0x0000f2e0      0x804 Src/system_stm32f4xx.o
 .debug_line    0x0000fae4      0xaf5 Src/usb_host.o
 .debug_line    0x000105d9      0xc2f Src/usbh_conf.o
 .debug_line    0x00011208      0x7f3 Src/usbh_platform.o
 .debug_line    0x000119fb       0x7f startup/startup_stm32f407xx.o

.debug_str      0x00000000    0xca960
 .debug_str     0x00000000    0xbefb4 Drivers/STM32F4xx_HAL_Driver/Src/stm32f4xx_hal.o
                              0xbf340 (size before relaxing)
 .debug_str     0x000befb4      0x3a1 Drivers/STM32F4xx_HAL_Driver/Src/stm32f4xx_hal_cortex.o
                              0xbf076 (size before relaxing)
 .debug_str     0x000bf355      0x28c Drivers/STM32F4xx_HAL_Driver/Src/stm32f4xx_hal_gpio.o
                              0xbe9f9 (size before relaxing)
 .debug_str     0x000bf5e1      0x87f Drivers/STM32F4xx_HAL_Driver/Src/stm32f4xx_hal_hcd.o
                              0xbef38 (size before relaxing)
 .debug_str     0x000bfe60      0xeff Drivers/STM32F4xx_HAL_Driver/Src/stm32f4xx_hal_i2c.o
                              0xbf740 (size before relaxing)
 .debug_str     0x000c0d5f      0x449 Drivers/STM32F4xx_HAL_Driver/Src/stm32f4xx_hal_i2s.o
                              0xbed9e (size before relaxing)
 .debug_str     0x000c11a8      0x1f1 Drivers/STM32F4xx_HAL_Driver/Src/stm32f4xx_hal_i2s_ex.o
                              0xbecdf (size before relaxing)
 .debug_str     0x000c1399      0x364 Drivers/STM32F4xx_HAL_Driver/Src/stm32f4xx_hal_rcc.o
                              0xbebc3 (size before relaxing)
 .debug_str     0x000c16fd      0x15e Drivers/STM32F4xx_HAL_Driver/Src/stm32f4xx_hal_rcc_ex.o
                              0xbe908 (size before relaxing)
 .debug_str     0x000c185b      0x688 Drivers/STM32F4xx_HAL_Driver/Src/stm32f4xx_hal_spi.o
                              0xbf064 (size before relaxing)
 .debug_str     0x000c1ee3      0x502 Drivers/STM32F4xx_HAL_Driver/Src/stm32f4xx_ll_usb.o
                              0xbf098 (size before relaxing)
 .debug_str     0x000c23e5     0x6a81 Middlewares/ST/STM32_USB_Host_Library/Class/CDC/Src/usbh_cdc.o
                              0xc51f3 (size before relaxing)
 .debug_str     0x000c8e66      0x2fa Middlewares/ST/STM32_USB_Host_Library/Core/Src/usbh_core.o
                              0xc46f6 (size before relaxing)
 .debug_str     0x000c9160      0x1db Middlewares/ST/STM32_USB_Host_Library/Core/Src/usbh_ctlreq.o
                              0xc4686 (size before relaxing)
 .debug_str     0x000c933b       0xb2 Middlewares/ST/STM32_USB_Host_Library/Core/Src/usbh_ioreq.o
                              0xc44bb (size before relaxing)
 .debug_str     0x000c93ed       0x80 Middlewares/ST/STM32_USB_Host_Library/Core/Src/usbh_pipes.o
                              0xc4451 (size before relaxing)
 .debug_str     0x000c946d       0xec Src/main.o
                              0xbf931 (size before relaxing)
 .debug_str     0x000c9559       0x1b Src/stm32f4xx_hal_msp.o
                              0xbf693 (size before relaxing)
 .debug_str     0x000c9574       0xda Src/stm32f4xx_it.o
                              0xbf143 (size before relaxing)
 .debug_str     0x000c964e     0x112b Src/syscalls.o
                               0x85dd (size before relaxing)
 .debug_str     0x000ca779       0x5a Src/system_stm32f4xx.o
                              0xbe7b5 (size before relaxing)
 .debug_str     0x000ca7d3       0x99 Src/usb_host.o
                              0xc4b55 (size before relaxing)
 .debug_str     0x000ca86c       0xae Src/usbh_conf.o
                              0xc5324 (size before relaxing)
 .debug_str     0x000ca91a       0x17 Src/usbh_platform.o
                              0xbe6d4 (size before relaxing)
 .debug_str     0x000ca931       0x2f startup/startup_stm32f407xx.o
                                 0x85 (size before relaxing)

.comment        0x00000000       0x7f
 .comment       0x00000000       0x7f Drivers/STM32F4xx_HAL_Driver/Src/stm32f4xx_hal.o
                                 0x80 (size before relaxing)
 .comment       0x0000007f       0x80 Drivers/STM32F4xx_HAL_Driver/Src/stm32f4xx_hal_cortex.o
 .comment       0x0000007f       0x80 Drivers/STM32F4xx_HAL_Driver/Src/stm32f4xx_hal_gpio.o
 .comment       0x0000007f       0x80 Drivers/STM32F4xx_HAL_Driver/Src/stm32f4xx_hal_hcd.o
 .comment       0x0000007f       0x80 Drivers/STM32F4xx_HAL_Driver/Src/stm32f4xx_hal_i2c.o
 .comment       0x0000007f       0x80 Drivers/STM32F4xx_HAL_Driver/Src/stm32f4xx_hal_i2s.o
 .comment       0x0000007f       0x80 Drivers/STM32F4xx_HAL_Driver/Src/stm32f4xx_hal_i2s_ex.o
 .comment       0x0000007f       0x80 Drivers/STM32F4xx_HAL_Driver/Src/stm32f4xx_hal_rcc.o
 .comment       0x0000007f       0x80 Drivers/STM32F4xx_HAL_Driver/Src/stm32f4xx_hal_rcc_ex.o
 .comment       0x0000007f       0x80 Drivers/STM32F4xx_HAL_Driver/Src/stm32f4xx_hal_spi.o
 .comment       0x0000007f       0x80 Drivers/STM32F4xx_HAL_Driver/Src/stm32f4xx_ll_usb.o
 .comment       0x0000007f       0x80 Middlewares/ST/STM32_USB_Host_Library/Class/CDC/Src/usbh_cdc.o
 .comment       0x0000007f       0x80 Middlewares/ST/STM32_USB_Host_Library/Core/Src/usbh_core.o
 .comment       0x0000007f       0x80 Middlewares/ST/STM32_USB_Host_Library/Core/Src/usbh_ctlreq.o
 .comment       0x0000007f       0x80 Middlewares/ST/STM32_USB_Host_Library/Core/Src/usbh_ioreq.o
 .comment       0x0000007f       0x80 Middlewares/ST/STM32_USB_Host_Library/Core/Src/usbh_pipes.o
 .comment       0x0000007f       0x80 Src/main.o
 .comment       0x0000007f       0x80 Src/stm32f4xx_hal_msp.o
 .comment       0x0000007f       0x80 Src/stm32f4xx_it.o
 .comment       0x0000007f       0x80 Src/syscalls.o
 .comment       0x0000007f       0x80 Src/system_stm32f4xx.o
 .comment       0x0000007f       0x80 Src/usb_host.o
 .comment       0x0000007f       0x80 Src/usbh_conf.o
 .comment       0x0000007f       0x80 Src/usbh_platform.o

.debug_frame    0x00000000     0x315c
 .debug_frame   0x00000000      0x1ec Drivers/STM32F4xx_HAL_Driver/Src/stm32f4xx_hal.o
 .debug_frame   0x000001ec      0x15c Drivers/STM32F4xx_HAL_Driver/Src/stm32f4xx_hal_cortex.o
 .debug_frame   0x00000348       0xd8 Drivers/STM32F4xx_HAL_Driver/Src/stm32f4xx_hal_gpio.o
 .debug_frame   0x00000420      0x2a4 Drivers/STM32F4xx_HAL_Driver/Src/stm32f4xx_hal_hcd.o
 .debug_frame   0x000006c4      0x910 Drivers/STM32F4xx_HAL_Driver/Src/stm32f4xx_hal_i2c.o
 .debug_frame   0x00000fd4      0x31c Drivers/STM32F4xx_HAL_Driver/Src/stm32f4xx_hal_i2s.o
 .debug_frame   0x000012f0      0x18c Drivers/STM32F4xx_HAL_Driver/Src/stm32f4xx_hal_i2s_ex.o
 .debug_frame   0x0000147c      0x184 Drivers/STM32F4xx_HAL_Driver/Src/stm32f4xx_hal_rcc.o
 .debug_frame   0x00001600       0xa4 Drivers/STM32F4xx_HAL_Driver/Src/stm32f4xx_hal_rcc_ex.o
 .debug_frame   0x000016a4      0x594 Drivers/STM32F4xx_HAL_Driver/Src/stm32f4xx_hal_spi.o
 .debug_frame   0x00001c38      0x49c Drivers/STM32F4xx_HAL_Driver/Src/stm32f4xx_ll_usb.o
 .debug_frame   0x000020d4      0x1bc Middlewares/ST/STM32_USB_Host_Library/Class/CDC/Src/usbh_cdc.o
 .debug_frame   0x00002290      0x1fc Middlewares/ST/STM32_USB_Host_Library/Core/Src/usbh_core.o
 .debug_frame   0x0000248c      0x1e8 Middlewares/ST/STM32_USB_Host_Library/Core/Src/usbh_ctlreq.o
 .debug_frame   0x00002674      0x130 Middlewares/ST/STM32_USB_Host_Library/Core/Src/usbh_ioreq.o
 .debug_frame   0x000027a4       0x84 Middlewares/ST/STM32_USB_Host_Library/Core/Src/usbh_pipes.o
 .debug_frame   0x00002828       0xd4 Src/main.o
 .debug_frame   0x000028fc       0xdc Src/stm32f4xx_hal_msp.o
 .debug_frame   0x000029d8       0xc0 Src/stm32f4xx_it.o
 .debug_frame   0x00002a98      0x1a8 Src/syscalls.o
 .debug_frame   0x00002c40       0x30 Src/system_stm32f4xx.o
 .debug_frame   0x00002c70       0x50 Src/usb_host.o
 .debug_frame   0x00002cc0      0x25c Src/usbh_conf.o
 .debug_frame   0x00002f1c       0x28 Src/usbh_platform.o
 .debug_frame   0x00002f44       0x2c c:/users/grant/.p2/pool/plugins/fr.ac6.mcu.externaltools.arm-none.win32_1.17.0.201812190825/tools/compiler/bin/../lib/gcc/arm-none-eabi/7.3.1/thumb/v7e-m/fpv4-sp/hard\libgcc.a(_aeabi_uldivmod.o)
 .debug_frame   0x00002f70       0x34 c:/users/grant/.p2/pool/plugins/fr.ac6.mcu.externaltools.arm-none.win32_1.17.0.201812190825/tools/compiler/bin/../lib/gcc/arm-none-eabi/7.3.1/thumb/v7e-m/fpv4-sp/hard\libgcc.a(_udivmoddi4.o)
 .debug_frame   0x00002fa4       0x20 c:/users/grant/.p2/pool/plugins/fr.ac6.mcu.externaltools.arm-none.win32_1.17.0.201812190825/tools/compiler/bin/../lib/gcc/arm-none-eabi/7.3.1/../../../../arm-none-eabi/lib/thumb/v7e-m/fpv4-sp/hard\libc_nano.a(lib_a-errno.o)
 .debug_frame   0x00002fc4       0x2c c:/users/grant/.p2/pool/plugins/fr.ac6.mcu.externaltools.arm-none.win32_1.17.0.201812190825/tools/compiler/bin/../lib/gcc/arm-none-eabi/7.3.1/../../../../arm-none-eabi/lib/thumb/v7e-m/fpv4-sp/hard\libc_nano.a(lib_a-init.o)
 .debug_frame   0x00002ff0       0x30 c:/users/grant/.p2/pool/plugins/fr.ac6.mcu.externaltools.arm-none.win32_1.17.0.201812190825/tools/compiler/bin/../lib/gcc/arm-none-eabi/7.3.1/../../../../arm-none-eabi/lib/thumb/v7e-m/fpv4-sp/hard\libc_nano.a(lib_a-malloc.o)
 .debug_frame   0x00003020       0x20 c:/users/grant/.p2/pool/plugins/fr.ac6.mcu.externaltools.arm-none.win32_1.17.0.201812190825/tools/compiler/bin/../lib/gcc/arm-none-eabi/7.3.1/../../../../arm-none-eabi/lib/thumb/v7e-m/fpv4-sp/hard\libc_nano.a(lib_a-memset.o)
 .debug_frame   0x00003040       0x38 c:/users/grant/.p2/pool/plugins/fr.ac6.mcu.externaltools.arm-none.win32_1.17.0.201812190825/tools/compiler/bin/../lib/gcc/arm-none-eabi/7.3.1/../../../../arm-none-eabi/lib/thumb/v7e-m/fpv4-sp/hard\libc_nano.a(lib_a-nano-freer.o)
 .debug_frame   0x00003078       0x2c c:/users/grant/.p2/pool/plugins/fr.ac6.mcu.externaltools.arm-none.win32_1.17.0.201812190825/tools/compiler/bin/../lib/gcc/arm-none-eabi/7.3.1/../../../../arm-none-eabi/lib/thumb/v7e-m/fpv4-sp/hard\libc_nano.a(lib_a-nano-mallocr.o)
 .debug_frame   0x000030a4       0x2c c:/users/grant/.p2/pool/plugins/fr.ac6.mcu.externaltools.arm-none.win32_1.17.0.201812190825/tools/compiler/bin/../lib/gcc/arm-none-eabi/7.3.1/../../../../arm-none-eabi/lib/thumb/v7e-m/fpv4-sp/hard\libc_nano.a(lib_a-sbrkr.o)
 .debug_frame   0x000030d0       0x30 c:/users/grant/.p2/pool/plugins/fr.ac6.mcu.externaltools.arm-none.win32_1.17.0.201812190825/tools/compiler/bin/../lib/gcc/arm-none-eabi/7.3.1/../../../../arm-none-eabi/lib/thumb/v7e-m/fpv4-sp/hard\libc_nano.a(lib_a-mlock.o)
 .debug_frame   0x00003100       0x5c c:/users/grant/.p2/pool/plugins/fr.ac6.mcu.externaltools.arm-none.win32_1.17.0.201812190825/tools/compiler/bin/../lib/gcc/arm-none-eabi/7.3.1/../../../../arm-none-eabi/lib/thumb/v7e-m/fpv4-sp/hard\libc_nano.a(lib_a-reent.o)